ARM Linker, 4.1 [Build 894] [Professional (MDK + RL-ARM)]

==============================================================================

Section Cross References

    stm32f10x_rcc.o(i.RCC_GetClocksFreq) refers to stm32f10x_rcc.o(.data) for .data
    stm32f10x_rcc.o(i.RCC_WaitForHSEStartUp) refers to stm32f10x_rcc.o(i.RCC_GetFlagStatus) for RCC_GetFlagStatus
    stm32f10x_gpio.o(i.GPIO_AFIODeInit) refers to stm32f10x_rcc.o(i.RCC_APB2PeriphResetCmd) for RCC_APB2PeriphResetCmd
    stm32f10x_gpio.o(i.GPIO_DeInit) refers to stm32f10x_rcc.o(i.RCC_APB2PeriphResetCmd) for RCC_APB2PeriphResetCmd
    stm32f10x_usart.o(i.USART_DeInit) refers to stm32f10x_rcc.o(i.RCC_APB2PeriphResetCmd) for RCC_APB2PeriphResetCmd
    stm32f10x_usart.o(i.USART_DeInit) refers to stm32f10x_rcc.o(i.RCC_APB1PeriphResetCmd) for RCC_APB1PeriphResetCmd
    stm32f10x_usart.o(i.USART_Init) refers to stm32f10x_rcc.o(i.RCC_GetClocksFreq) for RCC_GetClocksFreq
    stm32f10x_tim.o(i.TIM_DeInit) refers to stm32f10x_rcc.o(i.RCC_APB1PeriphResetCmd) for RCC_APB1PeriphResetCmd
    stm32f10x_tim.o(i.TIM_DeInit) refers to stm32f10x_rcc.o(i.RCC_APB2PeriphResetCmd) for RCC_APB2PeriphResetCmd
    stm32f10x_tim.o(i.TIM_ETRClockMode1Config) refers to stm32f10x_tim.o(i.TIM_ETRConfig) for TIM_ETRConfig
    stm32f10x_tim.o(i.TIM_ETRClockMode2Config) refers to stm32f10x_tim.o(i.TIM_ETRConfig) for TIM_ETRConfig
    stm32f10x_tim.o(i.TIM_ICInit) refers to stm32f10x_tim.o(i.TI1_Config) for TI1_Config
    stm32f10x_tim.o(i.TIM_ICInit) refers to stm32f10x_tim.o(i.TIM_SetIC1Prescaler) for TIM_SetIC1Prescaler
    stm32f10x_tim.o(i.TIM_ICInit) refers to stm32f10x_tim.o(i.TI2_Config) for TI2_Config
    stm32f10x_tim.o(i.TIM_ICInit) refers to stm32f10x_tim.o(i.TIM_SetIC2Prescaler) for TIM_SetIC2Prescaler
    stm32f10x_tim.o(i.TIM_ICInit) refers to stm32f10x_tim.o(i.TIM_SetIC3Prescaler) for TIM_SetIC3Prescaler
    stm32f10x_tim.o(i.TIM_ICInit) refers to stm32f10x_tim.o(i.TIM_SetIC4Prescaler) for TIM_SetIC4Prescaler
    stm32f10x_tim.o(i.TIM_ITRxExternalClockConfig) refers to stm32f10x_tim.o(i.TIM_SelectInputTrigger) for TIM_SelectInputTrigger
    stm32f10x_tim.o(i.TIM_PWMIConfig) refers to stm32f10x_tim.o(i.TI2_Config) for TI2_Config
    stm32f10x_tim.o(i.TIM_PWMIConfig) refers to stm32f10x_tim.o(i.TIM_SetIC2Prescaler) for TIM_SetIC2Prescaler
    stm32f10x_tim.o(i.TIM_PWMIConfig) refers to stm32f10x_tim.o(i.TI1_Config) for TI1_Config
    stm32f10x_tim.o(i.TIM_PWMIConfig) refers to stm32f10x_tim.o(i.TIM_SetIC1Prescaler) for TIM_SetIC1Prescaler
    stm32f10x_tim.o(i.TIM_TIxExternalClockConfig) refers to stm32f10x_tim.o(i.TI1_Config) for TI1_Config
    stm32f10x_tim.o(i.TIM_TIxExternalClockConfig) refers to stm32f10x_tim.o(i.TIM_SelectInputTrigger) for TIM_SelectInputTrigger
    stm32f10x_tim.o(i.TIM_TIxExternalClockConfig) refers to stm32f10x_tim.o(i.TI2_Config) for TI2_Config
    stm32f10x_pwr.o(i.PWR_DeInit) refers to stm32f10x_rcc.o(i.RCC_APB1PeriphResetCmd) for RCC_APB1PeriphResetCmd
    stm32f10x_flash.o(i.FLASH_EnableWriteProtection) refers to stm32f10x_flash.o(i.FLASH_WaitForLastOperation) for FLASH_WaitForLastOperation
    stm32f10x_flash.o(i.FLASH_EraseAllBank1Pages) refers to stm32f10x_flash.o(i.FLASH_WaitForLastBank1Operation) for FLASH_WaitForLastBank1Operation
    stm32f10x_flash.o(i.FLASH_EraseAllPages) refers to stm32f10x_flash.o(i.FLASH_WaitForLastOperation) for FLASH_WaitForLastOperation
    stm32f10x_flash.o(i.FLASH_EraseOptionBytes) refers to stm32f10x_flash.o(i.FLASH_GetReadOutProtectionStatus) for FLASH_GetReadOutProtectionStatus
    stm32f10x_flash.o(i.FLASH_EraseOptionBytes) refers to stm32f10x_flash.o(i.FLASH_WaitForLastOperation) for FLASH_WaitForLastOperation
    stm32f10x_flash.o(i.FLASH_ErasePage) refers to stm32f10x_flash.o(i.FLASH_WaitForLastOperation) for FLASH_WaitForLastOperation
    stm32f10x_flash.o(i.FLASH_ProgramHalfWord) refers to stm32f10x_flash.o(i.FLASH_WaitForLastOperation) for FLASH_WaitForLastOperation
    stm32f10x_flash.o(i.FLASH_ProgramOptionByteData) refers to stm32f10x_flash.o(i.FLASH_WaitForLastOperation) for FLASH_WaitForLastOperation
    stm32f10x_flash.o(i.FLASH_ProgramWord) refers to stm32f10x_flash.o(i.FLASH_WaitForLastOperation) for FLASH_WaitForLastOperation
    stm32f10x_flash.o(i.FLASH_ReadOutProtection) refers to stm32f10x_flash.o(i.FLASH_WaitForLastOperation) for FLASH_WaitForLastOperation
    stm32f10x_flash.o(i.FLASH_UserOptionByteConfig) refers to stm32f10x_flash.o(i.FLASH_WaitForLastOperation) for FLASH_WaitForLastOperation
    stm32f10x_flash.o(i.FLASH_WaitForLastBank1Operation) refers to stm32f10x_flash.o(i.FLASH_GetBank1Status) for FLASH_GetBank1Status
    stm32f10x_flash.o(i.FLASH_WaitForLastOperation) refers to stm32f10x_flash.o(i.FLASH_GetBank1Status) for FLASH_GetBank1Status
    stm32f10x_spi.o(i.I2S_Init) refers to stm32f10x_rcc.o(i.RCC_GetClocksFreq) for RCC_GetClocksFreq
    stm32f10x_spi.o(i.SPI_I2S_DeInit) refers to stm32f10x_rcc.o(i.RCC_APB2PeriphResetCmd) for RCC_APB2PeriphResetCmd
[...]
    __aeabi_uidiv                            0x0800276d   Thumb Code     0  uidiv.o(.text)
    __aeabi_uidivmod                         0x0800276d   Thumb Code    44  uidiv.o(.text)
    __aeabi_llsl                             0x08002799   Thumb Code    30  llshl.o(.text)
    _ll_shift_l                              0x08002799   Thumb Code     0  llshl.o(.text)
    __aeabi_llsr                             0x080027b7   Thumb Code    32  llushr.o(.text)
    _ll_ushift_r                             0x080027b7   Thumb Code     0  llushr.o(.text)
    __aeabi_lasr                             0x080027d7   Thumb Code    36  llsshr.o(.text)
    _ll_sshift_r                             0x080027d7   Thumb Code     0  llsshr.o(.text)
    __rt_ctype_table                         0x080027fd   Thumb Code     4  ctype_o.o(.text)
    _strtoul                                 0x08002805   Thumb Code   158  _strtoul.o(.text)
    __I$use$fp                               0x080028a3   Thumb Code     0  iusefp.o(.text)
    _float_round                             0x080028a3   Thumb Code    18  fepilogue.o(.text)
    _float_epilogue                          0x080028b5   Thumb Code    90  fepilogue.o(.text)
    _double_round                            0x0800290f   Thumb Code    26  depilogue.o(.text)
    _double_epilogue                         0x08002929   Thumb Code   164  depilogue.o(.text)
    __scatterload                            0x080029cd   Thumb Code    28  init.o(.text)
    __scatterload_rt2                        0x080029cd   Thumb Code     0  init.o(.text)
    _chval                                   0x080029f1   Thumb Code    28  _chval.o(.text)
    __decompress                             0x08002a0d   Thumb Code     0  __dczerorl2.o(.text)
    __decompress1                            0x08002a0d   Thumb Code    92  __dczerorl2.o(.text)
    ADCDrv_NormalModeInit                    0x08002a69   Thumb Code   128  adc_drv.o(i.ADCDrv_NormalModeInit)
    ADCDrv_Start                             0x08002af5   Thumb Code    22  adc_drv.o(i.ADCDrv_Start)
    ADCDrv_StartBatteryMeasure               0x08002b11   Thumb Code    90  adc_drv.o(i.ADCDrv_StartBatteryMeasure)
    AppInit                                  0x08002c31   Thumb Code   132  application.o(i.AppInit)
    AppVersionInfo                           0x08002cc9   Thumb Code    68  application.o(i.AppVersionInfo)
    BAT_CE_Set                               0x08002d31   Thumb Code    64  board_v1_2_5.o(i.BAT_CE_Set)
    BSP_Init                                 0x08002d75   Thumb Code    12  os_global.o(i.BSP_Init)
    BatLev_ClosePower                        0x08002dad   Thumb Code    26  batterylevel.o(i.BatLev_ClosePower)
    BatLev_Init                              0x08002e3d   Thumb Code     6  batterylevel.o(i.BatLev_Init)
    BatteryIsCharging                        0x08002e49   Thumb Code    66  batterylevel.o(i.BatteryIsCharging)
    Board_GpioInit                           0x08002e91   Thumb Code   136  board_v1_2_5.o(i.Board_GpioInit)
    Bot_Abort                                0x08002f21   Thumb Code    50  usb_bot.o(i.Bot_Abort)
    BusFault_Handler                         0x08002f53   Thumb Code     2  stm32f10x_it.o(i.BusFault_Handler)
    ByteSwap                                 0x08002f55   Thumb Code    10  usb_regs.o(i.ByteSwap)
    CBW_Decode                               0x08002f61   Thumb Code   390  usb_bot.o(i.CBW_Decode)
    CTR_HP                                   0x080030f9   Thumb Code   100  usb_int.o(i.CTR_HP)
    CTR_LP                                   0x08003171   Thumb Code   292  usb_int.o(i.CTR_LP)
    ClearDTOG_RX                             0x080032e9   Thumb Code    32  usb_regs.o(i.ClearDTOG_RX)
    ClearDTOG_TX                             0x0800330d   Thumb Code    32  usb_regs.o(i.ClearDTOG_TX)
    Clear_Status_Out                         0x08003331   Thumb Code    26  usb_regs.o(i.Clear_Status_Out)
    DebugMon_Handler                         0x08003651   Thumb Code     2  stm32f10x_it.o(i.DebugMon_Handler)
    EP1_IN_Callback                          0x08003653   Thumb Code     4  usb_endp.o(i.EP1_IN_Callback)
    EP2_OUT_Callback                         0x08003657   Thumb Code     4  usb_endp.o(i.EP2_OUT_Callback)
    EXTI9_5_IRQHandler                       0x0800365d   Thumb Code    50  extidrv.o(i.EXTI9_5_IRQHandler)
    EXTI_Init                                0x0800369d   Thumb Code   108  stm32f10x_exti.o(i.EXTI_Init)
    ExtiDrv_Init                             0x0800374d   Thumb Code    98  extidrv.o(i.ExtiDrv_Init)
    F10X_FLASH_ReadAppAttr                   0x080037c5   Thumb Code    68  f10x_flash_if.o(i.F10X_FLASH_ReadAppAttr)
    F10X_FLASH_ReadSysEnv                    0x08003809   Thumb Code    66  f10x_flash_if.o(i.F10X_FLASH_ReadSysEnv)
    F10X_FLASH_WriteAppAttr                  0x08003851   Thumb Code   100  f10x_flash_if.o(i.F10X_FLASH_WriteAppAttr)
    F10X_FLASH_WriteSysEnv                   0x080038b9   Thumb Code    98  f10x_flash_if.o(i.F10X_FLASH_WriteSysEnv)
    FILE_FormatDisk                          0x08003921   Thumb Code    46  fatfs_demo.o(i.FILE_FormatDisk)
    FILE_GetSensorTotalItems                 0x08003959   Thumb Code   132  fatfs_demo.o(i.FILE_GetSensorTotalItems)
    FILE_Open                                0x080039f1   Thumb Code   158  fatfs_demo.o(i.FILE_Open)
    FILE_ReadConfig                          0x08003a95   Thumb Code   452  fatfs_demo.o(i.FILE_ReadConfig)
    FILE_Scan                                0x08003c8d   Thumb Code   138  fatfs_demo.o(i.FILE_Scan)
    FILE_SearchUpdateBinFile                 0x08003d29   Thumb Code   214  fatfs_demo.o(i.FILE_SearchUpdateBinFile)
    FILE_Write                               0x08003e15   Thumb Code    54  fatfs_demo.o(i.FILE_Write)
    FatFs_Demo                               0x08003e51   Thumb Code     4  fatfs_demo.o(i.FatFs_Demo)
    GPIO_EXTILineConfig                      0x08003e55   Thumb Code    34  stm32f10x_gpio.o(i.GPIO_EXTILineConfig)
    GetEPRxAddr                              0x08003e7d   Thumb Code    22  usb_regs.o(i.GetEPRxAddr)
    GetEPRxCount                             0x08003e9d   Thumb Code    24  usb_regs.o(i.GetEPRxCount)
    GetEPRxStatus                            0x08003ebd   Thumb Code    14  usb_regs.o(i.GetEPRxStatus)
    GetEPTxAddr                              0x08003ed1   Thumb Code    20  usb_regs.o(i.GetEPTxAddr)
    Get_Max_Lun                              0x08003eed   Thumb Code    18  usb_prop.o(i.Get_Max_Lun)
    Get_SerialNum                            0x08003f09   Thumb Code    44  hw_config.o(i.Get_SerialNum)
    HCHO_CaliSet                             0x08003f3d   Thumb Code   138  pm25sensor.o(i.HCHO_CaliSet)
    HCHO_CheckSum                            0x08003fe9   Thumb Code    44  pm25sensor.o(i.HCHO_CheckSum)
    HCHO_DisplayInit                         0x08004015   Thumb Code   154  pm25sensor.o(i.HCHO_DisplayInit)
    HCHO_DisplayValue                        0x080041ad   Thumb Code   114  pm25sensor.o(i.HCHO_DisplayValue)
    HCHO_Indicate                            0x08004231   Thumb Code    28  pm25sensor.o(i.HCHO_Indicate)
    HCHO_Receive                             0x08004271   Thumb Code    68  pm25sensor.o(i.HCHO_Receive)
    HCHO_UART_IRQHandler                     0x080042b9   Thumb Code   126  pm25sensor.o(i.HCHO_UART_IRQHandler)
    HardFault_Handler                        0x08004345   Thumb Code     2  stm32f10x_it.o(i.HardFault_Handler)
    IIC_Init                                 0x08004349   Thumb Code    60  iic_drv.o(i.IIC_Init)
    IIC_ReadNByteDirectly                    0x0800438d   Thumb Code     4  iic_drv.o(i.IIC_ReadNByteDirectly)
    IIC_ReadNByteDirectly_Raw                0x08004391   Thumb Code    66  iic_drv.o(i.IIC_ReadNByteDirectly_Raw)
    IIC_ReadNByteExt                         0x080043d3   Thumb Code    12  iic_drv.o(i.IIC_ReadNByteExt)
    IIC_ReadNByte_Raw                        0x080043df   Thumb Code    78  iic_drv.o(i.IIC_ReadNByte_Raw)
    IIC_WriteNByte                           0x0800442d   Thumb Code     4  iic_drv.o(i.IIC_WriteNByte)
    IIC_WriteNByte_Raw                       0x08004431   Thumb Code    50  iic_drv.o(i.IIC_WriteNByte_Raw)
    In0_Process                              0x08004465   Thumb Code    80  usb_core.o(i.In0_Process)
    JumpToBootloader                         0x080044f9   Thumb Code    26  os_global.o(i.JumpToBootloader)
    LCD1602_ClearScreen                      0x0800451d   Thumb Code    30  lcd1602_drv.o(i.LCD1602_ClearScreen)
    LCD1602_HardwareInit                     0x0800453d   Thumb Code   114  lcd1602_drv.o(i.LCD1602_HardwareInit)
    LCD1602_Init                             0x080045bd   Thumb Code   172  lcd1602_drv.o(i.LCD1602_Init)
    LCD1602_SetXY                            0x08004671   Thumb Code    14  lcd1602_drv.o(i.LCD1602_SetXY)
    LCD1602_WriteCmd                         0x08004681   Thumb Code   176  lcd1602_drv.o(i.LCD1602_WriteCmd)
    LCD1602_WriteData                        0x08004741   Thumb Code   176  lcd1602_drv.o(i.LCD1602_WriteData)
    LCD1602_WriteInt                         0x08004801   Thumb Code    38  lcd1602_drv.o(i.LCD1602_WriteInt)
    LCD1602_WriteInteger                     0x08004829   Thumb Code   154  lcd1602_drv.o(i.LCD1602_WriteInteger)
    LCD1602_WriteString                      0x080048c9   Thumb Code    24  lcd1602_drv.o(i.LCD1602_WriteString)
    LCD_Ctrl_Set                             0x080048e1   Thumb Code    64  board_v1_2_5.o(i.LCD_Ctrl_Set)
    MAL_GetStatus                            0x08004a65   Thumb Code    40  mass_mal.o(i.MAL_GetStatus)
    MAL_Init                                 0x08004a95   Thumb Code    16  mass_mal.o(i.MAL_Init)
    MAL_Read                                 0x08004aa5   Thumb Code    22  mass_mal.o(i.MAL_Read)
    MAL_Write                                0x08004abb   Thumb Code    22  mass_mal.o(i.MAL_Write)
    MASS_Data_Setup                          0x08004ad1   Thumb Code    54  usb_prop.o(i.MASS_Data_Setup)
    MASS_GetConfigDescriptor                 0x08004b11   Thumb Code     6  usb_prop.o(i.MASS_GetConfigDescriptor)
    MASS_GetDeviceDescriptor                 0x08004b1d   Thumb Code     6  usb_prop.o(i.MASS_GetDeviceDescriptor)
    MASS_GetStringDescriptor                 0x08004b29   Thumb Code    24  usb_prop.o(i.MASS_GetStringDescriptor)
    MASS_Get_Interface_Setting               0x08004b49   Thumb Code    10  usb_prop.o(i.MASS_Get_Interface_Setting)
    MASS_NoData_Setup                        0x08004b55   Thumb Code    62  usb_prop.o(i.MASS_NoData_Setup)
    MASS_Reset                               0x08004ba5   Thumb Code   192  usb_prop.o(i.MASS_Reset)
    MASS_Status_In                           0x08004c85   Thumb Code     2  usb_prop.o(i.MASS_Status_In)
    MASS_Status_Out                          0x08004c87   Thumb Code     2  usb_prop.o(i.MASS_Status_Out)
    MASS_init                                0x08004c89   Thumb Code    28  usb_prop.o(i.MASS_init)
    Mass_Storage_ClearFeature                0x08004cad   Thumb Code    18  usb_prop.o(i.Mass_Storage_ClearFeature)
    Mass_Storage_In                          0x08004cc9   Thumb Code   114  usb_bot.o(i.Mass_Storage_In)
    Mass_Storage_Out                         0x08004d49   Thumb Code   104  usb_bot.o(i.Mass_Storage_Out)
    Mass_Storage_SetConfiguration            0x08004dbd   Thumb Code    38  usb_prop.o(i.Mass_Storage_SetConfiguration)
    Mass_Storage_SetDeviceAddress            0x08004df1   Thumb Code     8  usb_prop.o(i.Mass_Storage_SetDeviceAddress)
    MemManage_Handler                        0x08004dfd   Thumb Code     2  stm32f10x_it.o(i.MemManage_Handler)
    NMI_Handler                              0x08004dff   Thumb Code     2  stm32f10x_it.o(i.NMI_Handler)
    NOP_Process                              0x08004e01   Thumb Code     2  usb_core.o(i.NOP_Process)
    OS_GetSysTick                            0x08004efd   Thumb Code     6  timermanager.o(i.OS_GetSysTick)
    OS_IsTimeout                             0x08004f09   Thumb Code    20  os_global.o(i.OS_IsTimeout)
    OS_SetTimeout                            0x08004f1d   Thumb Code    12  os_global.o(i.OS_SetTimeout)
    OS_TimerCheck                            0x08004f29   Thumb Code    62  os_timer.o(i.OS_TimerCheck)
    OS_TimerInit                             0x08004f6d   Thumb Code    26  os_timer.o(i.OS_TimerInit)
    OS_TimerStart                            0x08004f89   Thumb Code    48  os_timer.o(i.OS_TimerStart)
    OS_TimerStop                             0x08004fbd   Thumb Code    26  os_timer.o(i.OS_TimerStop)
    Out0_Process                             0x08004fdd   Thumb Code    62  usb_core.o(i.Out0_Process)
    PM25_Display_Init                        0x08005139   Thumb Code   134  pm25sensor.o(i.PM25_Display_Init)
    PM25_Display_Value                       0x080051e5   Thumb Code   116  pm25sensor.o(i.PM25_Display_Value)
    PM25_Init                                0x08005265   Thumb Code   178  pm25sensor.o(i.PM25_Init)
    PM25_Receive                             0x08005339   Thumb Code   138  pm25sensor.o(i.PM25_Receive)
    PM25_UART_IRQHandler                     0x080053cd   Thumb Code   130  pm25sensor.o(i.PM25_UART_IRQHandler)
    PMAToUserBufferCopy                      0x0800545d   Thumb Code    24  usb_mem.o(i.PMAToUserBufferCopy)
    PendSV_Handler                           0x08005479   Thumb Code     2  stm32f10x_it.o(i.PendSV_Handler)
    Post0_Process                            0x0800547d   Thumb Code    52  usb_core.o(i.Post0_Process)
    PowerCtrl_LowerPower                     0x080054c1   Thumb Code   106  powerctrl.o(i.PowerCtrl_LowerPower)
    PowerCtrl_SetClock                       0x08005541   Thumb Code   104  application.o(i.PowerCtrl_SetClock)
    PowerOn                                  0x080055bd   Thumb Code    36  usb_pwr.o(i.PowerOn)
    Queue_UART_IRQHandler                    0x080055e9   Thumb Code     2  uart_queue.o(i.Queue_UART_IRQHandler)
    RCC_DeInit                               0x080055ed   Thumb Code    50  stm32f10x_rcc.o(i.RCC_DeInit)
    RTCDrv_GetTime                           0x08005749   Thumb Code    54  rtcdrv.o(i.RTCDrv_GetTime)
    RTCDrv_Init                              0x08005789   Thumb Code    94  rtcdrv.o(i.RTCDrv_Init)
    RTCDrv_SetTime                           0x080058c5   Thumb Code    98  rtcdrv.o(i.RTCDrv_SetTime)
    RTC_GetCounter                           0x080059e9   Thumb Code    16  stm32f10x_rtc.o(i.RTC_GetCounter)
    RTC_IRQHandler                           0x080059fd   Thumb Code    62  rtcdrv.o(i.RTC_IRQHandler)
    Read_Memory                              0x08005a45   Thumb Code   212  memory.o(i.Read_Memory)
    SCSI_Address_Management                  0x08005b2d   Thumb Code    98  usb_scsi.o(i.SCSI_Address_Management)
    SCSI_Format_Cmd                          0x08005ba1   Thumb Code    42  usb_scsi.o(i.SCSI_Format_Cmd)
    SCSI_Inquiry_Cmd                         0x08005bd1   Thumb Code    34  usb_scsi.o(i.SCSI_Inquiry_Cmd)
    SCSI_Invalid_Cmd                         0x08005c05   Thumb Code    46  usb_scsi.o(i.SCSI_Invalid_Cmd)
    SCSI_ModeSense10_Cmd                     0x08005c39   Thumb Code     8  usb_scsi.o(i.SCSI_ModeSense10_Cmd)
    SCSI_ModeSense6_Cmd                      0x08005c45   Thumb Code     8  usb_scsi.o(i.SCSI_ModeSense6_Cmd)
    SCSI_Read10_Cmd                          0x08005c51   Thumb Code    96  usb_scsi.o(i.SCSI_Read10_Cmd)
    SCSI_ReadCapacity10_Cmd                  0x08005cb9   Thumb Code    96  usb_scsi.o(i.SCSI_ReadCapacity10_Cmd)
    SCSI_ReadFormatCapacity_Cmd              0x08005d29   Thumb Code    90  usb_scsi.o(i.SCSI_ReadFormatCapacity_Cmd)
    SCSI_RequestSense_Cmd                    0x08005d95   Thumb Code    16  usb_scsi.o(i.SCSI_RequestSense_Cmd)
    SCSI_Start_Stop_Unit_Cmd                 0x08005dad   Thumb Code     8  usb_scsi.o(i.SCSI_Start_Stop_Unit_Cmd)
    SCSI_TestUnitReady_Cmd                   0x08005db5   Thumb Code    50  usb_scsi.o(i.SCSI_TestUnitReady_Cmd)
    SCSI_Verify10_Cmd                        0x08005ded   Thumb Code    48  usb_scsi.o(i.SCSI_Verify10_Cmd)
    SCSI_Write10_Cmd                         0x08005e21   Thumb Code    94  usb_scsi.o(i.SCSI_Write10_Cmd)
    SDRR_Init                                0x08005eb1   Thumb Code    20  sdrr.o(i.SDRR_Init)
    SDRR_SaveSensorPoint                     0x08005ecd   Thumb Code   152  sdrr.o(i.SDRR_SaveSensorPoint)
    SDRR_SensorPointToString                 0x08005f81   Thumb Code   234  sdrr.o(i.SDRR_SensorPointToString)
    SDRR_WriteRecordToFile                   0x080060d1   Thumb Code   124  sdrr.o(i.SDRR_WriteRecordToFile)
    SHT20_CalculateHumi                      0x08006159   Thumb Code    84  sht20.o(i.SHT20_CalculateHumi)
    SHT20_CalculateTemp                      0x080061b9   Thumb Code    84  sht20.o(i.SHT20_CalculateTemp)
    SHT20_Init                               0x08006221   Thumb Code    42  sht20.o(i.SHT20_Init)
    SHT20_RegConfig                          0x08006255   Thumb Code   154  sht20.o(i.SHT20_RegConfig)
    STM32_ADC_Init                           0x080062f1   Thumb Code    82  reglib.o(i.STM32_ADC_Init)
    STM32_ADC_RegularChannelConfig           0x08006349   Thumb Code   116  reglib.o(i.STM32_ADC_RegularChannelConfig)
    STM32_GPIOInit                           0x080063bd   Thumb Code   126  reglib.o(i.STM32_GPIOInit)
    STM32_NVICInit                           0x0800643d   Thumb Code   154  reglib.o(i.STM32_NVICInit)
    STM32_NVICPriorityGroupConfig            0x080064e1   Thumb Code    30  reglib.o(i.STM32_NVICPriorityGroupConfig)
    STM32_SPI_I2S_DeInit                     0x08006509   Thumb Code    72  reglib.o(i.STM32_SPI_I2S_DeInit)
    SVC_Handler                              0x08006559   Thumb Code     2  stm32f10x_it.o(i.SVC_Handler)
    Sensor_HoldDisplay                       0x0800659d   Thumb Code    96  pm25sensor.o(i.Sensor_HoldDisplay)
    Sensor_KeepDisplayState                  0x0800661d   Thumb Code     8  pm25sensor.o(i.Sensor_KeepDisplayState)
    Sensor_SubStateToNext                    0x08006629   Thumb Code    56  pm25sensor.o(i.Sensor_SubStateToNext)
    SetBTABLE                                0x08006665   Thumb Code    10  usb_regs.o(i.SetBTABLE)
    SetDeviceAddress                         0x08006675   Thumb Code    58  usb_core.o(i.SetDeviceAddress)
    SetEPRxAddr                              0x080066b9   Thumb Code    24  usb_regs.o(i.SetEPRxAddr)
    SetEPRxCount                             0x080066d9   Thumb Code    56  usb_regs.o(i.SetEPRxCount)
    SetEPRxStatus                            0x08006719   Thumb Code    44  usb_regs.o(i.SetEPRxStatus)
    SetEPRxValid                             0x08006749   Thumb Code    30  usb_regs.o(i.SetEPRxValid)
    SetEPTxAddr                              0x0800676d   Thumb Code    22  usb_regs.o(i.SetEPTxAddr)
    SetEPTxCount                             0x0800678d   Thumb Code    20  usb_regs.o(i.SetEPTxCount)
    SetEPTxStatus                            0x080067a9   Thumb Code    44  usb_regs.o(i.SetEPTxStatus)
    SetEPType                                0x080067d9   Thumb Code    22  usb_regs.o(i.SetEPType)
    Set_CSW                                  0x08006889   Thumb Code    50  usb_bot.o(i.Set_CSW)
    Set_Scsi_Sense_Data                      0x080068c9   Thumb Code     8  usb_scsi.o(i.Set_Scsi_Sense_Data)
    Setup0_Process                           0x080068d5   Thumb Code    92  usb_core.o(i.Setup0_Process)
    Standard_ClearFeature                    0x0800693d   Thumb Code   216  usb_core.o(i.Standard_ClearFeature)
    Standard_GetConfiguration                0x08006a29   Thumb Code    30  usb_core.o(i.Standard_GetConfiguration)
    Standard_GetDescriptorData               0x08006a51   Thumb Code    24  usb_core.o(i.Standard_GetDescriptorData)
    Standard_GetInterface                    0x08006a6d   Thumb Code    30  usb_core.o(i.Standard_GetInterface)
    Standard_GetStatus                       0x08006a95   Thumb Code   128  usb_core.o(i.Standard_GetStatus)
    Standard_SetConfiguration                0x08006b25   Thumb Code    42  usb_core.o(i.Standard_SetConfiguration)
    Standard_SetDeviceFeature                0x08006b5d   Thumb Code    26  usb_core.o(i.Standard_SetDeviceFeature)
    Standard_SetEndPointFeature              0x08006b81   Thumb Code   116  usb_core.o(i.Standard_SetEndPointFeature)
    Standard_SetInterface                    0x08006c05   Thumb Code    60  usb_core.o(i.Standard_SetInterface)
    StringToInt                              0x08006c4d   Thumb Code    88  fatfs_demo.o(i.StringToInt)
    SysClockConfig                           0x08006ca5   Thumb Code   122  application.o(i.SysClockConfig)
    SysTick_Handler                          0x08006d35   Thumb Code     4  stm32f10x_it.o(i.SysTick_Handler)
    SysTick_Increment                        0x08006d39   Thumb Code    14  timermanager.o(i.SysTick_Increment)
    SysTick_Init                             0x08006d4d   Thumb Code    46  timermanager.o(i.SysTick_Init)
    Sys_GenSum32                             0x08006d85   Thumb Code    22  os_global.o(i.Sys_GenSum32)
    Sys_IsBigEndian                          0x08006d9b   Thumb Code    14  os_global.o(i.Sys_IsBigEndian)
    SystemInit                               0x08006da9   Thumb Code    64  system_stm32f10x.o(i.SystemInit)
    TIME_SetSensorExisted                    0x08006f55   Thumb Code    18  pm25sensor.o(i.TIME_SetSensorExisted)
    TIME_StopChargeDisplay                   0x08006f6d   Thumb Code    28  pm25sensor.o(i.TIME_StopChargeDisplay)
    TVOCSensorTimer_CallBack                 0x08006fd1   Thumb Code   114  tvocsensor.o(i.TVOCSensorTimer_CallBack)
    TVOC_Init                                0x080071d5   Thumb Code    36  tvocsensor.o(i.TVOC_Init)
    TVOC_SetSensorExisted                    0x08007211   Thumb Code    20  pm25sensor.o(i.TVOC_SetSensorExisted)
    TempHumi_Indicate                        0x0800739d   Thumb Code    42  pm25sensor.o(i.TempHumi_Indicate)
    TempHumi_SetSensorExisted                0x08007405   Thumb Code    20  pm25sensor.o(i.TempHumi_SetSensorExisted)
    Transfer_Data_Request                    0x080077c5   Thumb Code    42  usb_bot.o(i.Transfer_Data_Request)
    USART1_IRQHandler                        0x080077f9   Thumb Code     4  uart_drv.o(i.USART1_IRQHandler)
    USART1_Init                              0x080077fd   Thumb Code    88  uart_drv.o(i.USART1_Init)
    USART2_IRQHandler                        0x08007861   Thumb Code     4  uart_drv.o(i.USART2_IRQHandler)
    USART2_Init                              0x08007865   Thumb Code    80  uart_drv.o(i.USART2_Init)
    USART3_IRQHandler                        0x080078c1   Thumb Code     4  uart_drv.o(i.USART3_IRQHandler)
    USART3_Init                              0x080078c5   Thumb Code    88  uart_drv.o(i.USART3_Init)
    USBSet_System                            0x08007929   Thumb Code     6  hw_config.o(i.USBSet_System)
    USBSet_USBClock                          0x08007931   Thumb Code    18  hw_config.o(i.USBSet_USBClock)
    USB_Cable_Config                         0x0800794d   Thumb Code    18  hw_config.o(i.USB_Cable_Config)
    USB_HP_CAN1_TX_IRQHandler                0x08007965   Thumb Code     4  stm32f10x_it.o(i.USB_HP_CAN1_TX_IRQHandler)
    USB_Init                                 0x08007969   Thumb Code    22  usb_init.o(i.USB_Init)
    USB_Interrupts_Config                    0x08007991   Thumb Code    30  hw_config.o(i.USB_Interrupts_Config)
    USB_Istr                                 0x080079b1   Thumb Code    54  usb_istr.o(i.USB_Istr)
    USB_LP_CAN1_RX0_IRQHandler               0x080079f9   Thumb Code     4  stm32f10x_it.o(i.USB_LP_CAN1_RX0_IRQHandler)
    USB_SIL_Init                             0x080079fd   Thumb Code    24  usb_sil.o(i.USB_SIL_Init)
    USB_SIL_Read                             0x08007a1d   Thumb Code    36  usb_sil.o(i.USB_SIL_Read)
    USB_SIL_Write                            0x08007a41   Thumb Code    40  usb_sil.o(i.USB_SIL_Write)
    UsageFault_Handler                       0x08007a69   Thumb Code     2  stm32f10x_it.o(i.UsageFault_Handler)
    UserToPMABufferCopy                      0x08007a6d   Thumb Code    34  usb_mem.o(i.UserToPMABufferCopy)
    Write_Memory                             0x08007a95   Thumb Code   238  memory.o(i.Write_Memory)
    __0snprintf$6                            0x08007ba1   Thumb Code    36  printf6.o(i.__0snprintf$6)
    __1snprintf$6                            0x08007ba1   Thumb Code     0  printf6.o(i.__0snprintf$6)
    __2snprintf                              0x08007ba1   Thumb Code     0  printf6.o(i.__0snprintf$6)
    __aeabi_errno_addr                       0x08007bc9   Thumb Code     4  errno.o(i.__aeabi_errno_addr)
    __rt_errno_addr                          0x08007bc9   Thumb Code     0  errno.o(i.__aeabi_errno_addr)
    __mathlib_dbl_underflow                  0x08007bd1   Thumb Code    10  dunder.o(i.__mathlib_dbl_underflow)
    __scatterload_copy                       0x08007be1   Thumb Code    14  handlers.o(i.__scatterload_copy)
    __scatterload_null                       0x08007bef   Thumb Code     2  handlers.o(i.__scatterload_null)
    __scatterload_zeroinit                   0x08007bf1   Thumb Code    14  handlers.o(i.__scatterload_zeroinit)
    __set_errno                              0x08007c01   Thumb Code     6  errno.o(i.__set_errno)
    clust2sect                               0x0800818d   Thumb Code    30  ff.o(i.clust2sect)
    delay_ms                                 0x08008475   Thumb Code    76  delay.o(i.delay_ms)
    delay_us                                 0x080084c9   Thumb Code    74  delay.o(i.delay_us)
    disk_initialize                          0x08008acd   Thumb Code    22  diskio.o(i.disk_initialize)
    disk_ioctl                               0x08008ae3   Thumb Code    10  diskio.o(i.disk_ioctl)
    disk_read                                0x08008aed   Thumb Code    18  diskio.o(i.disk_read)
    disk_status                              0x08008aff   Thumb Code     4  diskio.o(i.disk_status)
    disk_write                               0x08008b03   Thumb Code    18  diskio.o(i.disk_write)
    f_close                                  0x08008b15   Thumb Code    38  ff.o(i.f_close)
    f_closedir                               0x08008b3b   Thumb Code    32  ff.o(i.f_closedir)
    f_lseek                                  0x08008b5b   Thumb Code   416  ff.o(i.f_lseek)
    f_mkdir                                  0x08008cfd   Thumb Code   368  ff.o(i.f_mkdir)
    f_mkfs                                   0x08008e71   Thumb Code  1330  ff.o(i.f_mkfs)
    f_mount                                  0x080093a5   Thumb Code    88  ff.o(i.f_mount)
    f_open                                   0x08009401   Thumb Code   404  ff.o(i.f_open)
    f_opendir                                0x08009599   Thumb Code   138  ff.o(i.f_opendir)
    f_read                                   0x08009629   Thumb Code   294  ff.o(i.f_read)
    f_readdir                                0x08009751   Thumb Code    82  ff.o(i.f_readdir)
    f_sync                                   0x080097a9   Thumb Code   122  ff.o(i.f_sync)
    f_unlink                                 0x08009825   Thumb Code   164  ff.o(i.f_unlink)
    f_write                                  0x080098cd   Thumb Code   382  ff.o(i.f_write)
    ff_convert                               0x08009a4d   Thumb Code    50  ccsbcs.o(i.ff_convert)
    ff_wtoupper                              0x08009a85   Thumb Code    28  ccsbcs.o(i.ff_wtoupper)
    flash_disk_read                          0x08009d05   Thumb Code    60  spi_flash_interface.o(i.flash_disk_read)
    flash_disk_write                         0x08009d41   Thumb Code    20  spi_flash_interface.o(i.flash_disk_write)
    flash_initialize                         0x08009d55   Thumb Code    14  spi_flash_interface.o(i.flash_initialize)
    flash_ioctl                              0x08009d63   Thumb Code    46  spi_flash_interface.o(i.flash_ioctl)
    flash_mal_read                           0x08009d91   Thumb Code    28  spi_flash_interface.o(i.flash_mal_read)
    flash_mal_write                          0x08009dad   Thumb Code   130  spi_flash_interface.o(i.flash_mal_write)
    get_fat                                  0x08009f21   Thumb Code   194  ff.o(i.get_fat)
    get_fattime                              0x08009fe3   Thumb Code     4  diskio.o(i.get_fattime)
    i2c_ack                                  0x0800a309   Thumb Code    58  iic_drv.o(i.i2c_ack)
    i2c_nack                                 0x0800a349   Thumb Code    58  iic_drv.o(i.i2c_nack)
    i2c_read_byte                            0x0800a389   Thumb Code   114  iic_drv.o(i.i2c_read_byte)
    i2c_send_byte                            0x0800a401   Thumb Code    98  iic_drv.o(i.i2c_send_byte)
    i2c_start                                0x0800a469   Thumb Code    76  iic_drv.o(i.i2c_start)
    i2c_start_write                          0x0800a4b9   Thumb Code    40  iic_drv.o(i.i2c_start_write)
    i2c_stop                                 0x0800a4e1   Thumb Code    62  iic_drv.o(i.i2c_stop)
    i2c_wait_ack                             0x0800a525   Thumb Code    90  iic_drv.o(i.i2c_wait_ack)
    key_gpio_init                            0x0800a619   Thumb Code    44  key_drv.o(i.key_gpio_init)
    key_process                              0x0800a649   Thumb Code    98  key_drv.o(i.key_process)
    key_read                                 0x0800a6b5   Thumb Code    72  key_drv.o(i.key_read)
    key_scan                                 0x0800a701   Thumb Code   128  key_drv.o(i.key_scan)
    ldexp                                    0x0800a79d   Thumb Code   126  ldexp.o(i.ldexp)
    main                                     0x0800a81d   Thumb Code    34  main.o(i.main)
    os_timer_arm                             0x0800a8c3   Thumb Code    38  os_timer.o(i.os_timer_arm)
    put_fat                                  0x0800a9b3   Thumb Code   244  ff.o(i.put_fat)
    sfud_chip_erase                          0x0800acf5   Thumb Code   116  sfud.o(i.sfud_chip_erase)
    sfud_device_init                         0x0800ad69   Thumb Code    22  sfud.o(i.sfud_device_init)
    sfud_erase                               0x0800ad7f   Thumb Code   228  sfud.o(i.sfud_erase)
    sfud_get_device_table                    0x0800ae65   Thumb Code     4  sfud.o(i.sfud_get_device_table)
    sfud_init                                0x0800ae6d   Thumb Code    38  sfud.o(i.sfud_init)
    sfud_read                                0x0800ae99   Thumb Code   104  sfud.o(i.sfud_read)
    sfud_read_sfdp                           0x0800af01   Thumb Code   162  sfud_sfdp.o(i.sfud_read_sfdp)
    sfud_read_status                         0x0800afa3   Thumb Code    24  sfud.o(i.sfud_read_status)
    sfud_sfdp_get_suitable_eraser            0x0800afbb   Thumb Code    56  sfud_sfdp.o(i.sfud_sfdp_get_suitable_eraser)
    sfud_spi_port_init                       0x0800aff5   Thumb Code   134  sfud_port.o(i.sfud_spi_port_init)
    sfud_write                               0x0800b0a1   Thumb Code    42  sfud.o(i.sfud_write)
    sfud_write_status                        0x0800b0cb   Thumb Code    74  sfud.o(i.sfud_write_status)
    usb_main                                 0x0800b2dd   Thumb Code    42  usbapp.o(i.usb_main)
    mon_table                                0x0800b49a   Data          12  rtcdrv.o(.constdata)
    MASS_DeviceDescriptor                    0x0800b628   Data          18  usb_desc.o(.constdata)
    MASS_ConfigDescriptor                    0x0800b63a   Data          32  usb_desc.o(.constdata)
    MASS_StringLangID                        0x0800b65a   Data           4  usb_desc.o(.constdata)
    MASS_StringVendor                        0x0800b65e   Data          38  usb_desc.o(.constdata)
    MASS_StringProduct                       0x0800b684   Data          38  usb_desc.o(.constdata)
    MASS_StringInterface                     0x0800b6aa   Data          16  usb_desc.o(.constdata)
    SensorNameItem                           0x0800b6bc   Data          61  fatfs_demo.o(.constdata)
    SensorUnitItem                           0x0800b6f9   Data          55  fatfs_demo.o(.constdata)
    __ctype_table                            0x0800bd1a   Data         129  ctype_o.o(.constdata)
    Region$$Table$$Base                      0x0800be78   Number         0  anon$$obj.o(Region$$Table)
    Region$$Table$$Limit                     0x0800be98   Number         0  anon$$obj.o(Region$$Table)
    flag10ms                                 0x20000000   Data           1  timermanager.o(.data)
    record_gap                               0x20000008   Data           2  sdrr.o(.data)
    gCpuIsBigEndian                          0x20000014   Data           1  os_global.o(.data)
    tTempHumi                                0x20000028   Data           6  pm25sensor.o(.data)
    SensorDisp                               0x2000002e   Data           8  pm25sensor.o(.data)
    SensorMap                                0x20000040   Data         168  pm25sensor.o(.data)
    record_flag                              0x200000e9   Data           1  key_drv.o(.data)
    sumErrCount                              0x200000fc   Data           4  tvocsensor.o(.data)
    totalCount                               0x20000100   Data           4  tvocsensor.o(.data)
    bat_lev_percent                          0x20000110   Data           1  batterylevel.o(.data)
    is_5v_power_close                        0x20000111   Data           1  batterylevel.o(.data)
    battery_is_charging                      0x20000112   Data           1  extidrv.o(.data)
    SystemCoreClock                          0x20000118   Data           4  system_stm32f10x.o(.data)
    AHBPrescTable                            0x2000011c   Data          16  system_stm32f10x.o(.data)
    Mass_Block_Size                          0x200001b0   Data           4  mass_mal.o(.data)
    Mass_Block_Count                         0x200001b4   Data           4  mass_mal.o(.data)
    Mass_Memory_Size                         0x200001b8   Data           8  mass_mal.o(.data)
    TransferState                            0x200001c0   Data           1  memory.o(.data)
    USB_STATUS_REG                           0x200001c1   Data           1  memory.o(.data)
    Block_Read_count                         0x200001c4   Data           4  memory.o(.data)
    Counter                                  0x200001c8   Data           4  memory.o(.data)
    Block_offset                             0x200001cc   Data           4  memory.o(.data)
    Idx                                      0x200001d0   Data           4  memory.o(.data)
    Page00_Inquiry_Data                      0x200001f8   Data           5  scsi_data.o(.data)
    Standard_Inquiry_Data                    0x200001fd   Data          36  scsi_data.o(.data)
    Standard_Inquiry_Data2                   0x20000221   Data          36  scsi_data.o(.data)
    Mode_Sense6_data                         0x20000245   Data           4  scsi_data.o(.data)
    Mode_Sense10_data                        0x20000249   Data           8  scsi_data.o(.data)
    Scsi_Sense_Data                          0x20000251   Data          18  scsi_data.o(.data)
    ReadCapacity10_Data                      0x20000263   Data           8  scsi_data.o(.data)
    ReadFormatCapacity_Data                  0x2000026b   Data          12  scsi_data.o(.data)
    Bot_State                                0x20000278   Data           1  usb_bot.o(.data)
    Data_Len                                 0x2000027a   Data           2  usb_bot.o(.data)
    SCSI_LBA                                 0x2000027c   Data           4  usb_bot.o(.data)
    SCSI_BlkLen                              0x20000280   Data           4  usb_bot.o(.data)
    MASS_StringSerial                        0x20000284   Data          26  usb_desc.o(.data)
    pEpInt_IN                                0x200002a0   Data          28  usb_istr.o(.data)
    pEpInt_OUT                               0x200002bc   Data          28  usb_istr.o(.data)
    wIstr                                    0x200002d8   Data           2  usb_istr.o(.data)
    Max_Lun                                  0x200002dc   Data           1  usb_prop.o(.data)
    Device_Descriptor                        0x200002e0   Data           8  usb_prop.o(.data)
    Config_Descriptor                        0x200002e8   Data           8  usb_prop.o(.data)
    Device_Property                          0x200002f0   Data          48  usb_prop.o(.data)
    String_Descriptor                        0x20000320   Data          40  usb_prop.o(.data)
    Device_Table                             0x20000348   Data           2  usb_prop.o(.data)
    User_Standard_Requests                   0x2000034c   Data          36  usb_prop.o(.data)
    bDeviceState                             0x20000370   Data           4  usb_pwr.o(.data)
    Data_Mul_MaxPacketSize                   0x20000374   Data           1  usb_core.o(.data)
    StatusInfo                               0x20000376   Data           2  usb_core.o(.data)
    EPindex                                  0x20000378   Data           1  usb_init.o(.data)
    pInformation                             0x2000037c   Data           4  usb_init.o(.data)
    pProperty                                0x20000380   Data           4  usb_init.o(.data)
    pUser_Standard_Requests                  0x20000384   Data           4  usb_init.o(.data)
    wInterrupt_Mask                          0x20000388   Data           2  usb_init.o(.data)
    SaveRState                               0x2000038a   Data           2  usb_int.o(.data)
    SaveTState                               0x2000038c   Data           2  usb_int.o(.data)
    FlashDiskPath                            0x2000038e   Data           8  fatfs_demo.o(.data)
    UpdateDirPath                            0x20000396   Data          32  fatfs_demo.o(.data)
    spi_flash_buf                            0x20000628   Data        4096  spi_flash_interface.o(.bss)
    calendar                                 0x200016c4   Data          10  rtcdrv.o(.bss)
    Data_Buffer                              0x200016d0   Data        1024  memory.o(.bss)
    Bulk_Data_Buff                           0x20001ad0   Data          64  usb_bot.o(.bss)
    CBW                                      0x20001b10   Data          32  usb_bot.o(.bss)
    CSW                                      0x20001b30   Data          16  usb_bot.o(.bss)
    Device_Info                              0x20001b40   Data          28  usb_init.o(.bss)
    FlashDiskFatFs                           0x20001b5c   Data         560  fatfs_demo.o(.bss)
    Lfname                                   0x20001dcc   Data          51  fatfs_demo.o(.bss)
    fileFIL                                  0x20001e00   Data          44  fatfs_demo.o(.bss)
    __initial_sp                             0x200022b8   Data           0  startup_stm32f10x_md.o(STACK)



==============================================================================

Memory Map of the image

  Image Entry point : 0x080020ed

  Load Region LR_IROM1 (Base: 0x08002000, Size: 0x0000a260, Max: 0x0000a000, ABSOLUTE, COMPRESSED[0x00009fd0])

    Execution Region ER_IROM1 (Base: 0x08002000, Size: 0x00009e98, Max: 0x0000a000, ABSOLUTE)

    Base Addr    Size         Type   Attr      Idx    E Section Name        Object

    0x08002000   0x000000ec   Data   RO         4325    RESET               startup_stm32f10x_md.o
    0x080020ec   0x00000000   Code   RO         6345  * .ARM.Collect$$$$00000000  mc_w.l(entry.o)
    0x080020ec   0x00000004   Code   RO         6656    .ARM.Collect$$$$00000001  mc_w.l(entry2.o)
    0x080020f0   0x00000004   Code   RO         6659    .ARM.Collect$$$$00000004  mc_w.l(entry5.o)
    0x080020f4   0x00000000   Code   RO         6661    .ARM.Collect$$$$00000008  mc_w.l(entry7b.o)
    0x080020f4   0x00000008   Code   RO         6662    .ARM.Collect$$$$00000009  mc_w.l(entry8.o)
    0x080020fc   0x00000004   Code   RO         6657    .ARM.Collect$$$$00002712  mc_w.l(entry2.o)
    0x08002100   0x00000024   Code   RO         4326    .text               startup_stm32f10x_md.o
    0x08002124   0x00000062   Code   RO         6348    .text               mc_w.l(uldiv.o)
    0x08002186   0x00000024   Code   RO         6350    .text               mc_w.l(memcpya.o)
    0x080021aa   0x00000026   Code   RO         6352    .text               mc_w.l(memseta.o)
    0x080021d0   0x0000002c   Code   RO         6354    .text               mc_w.l(strstr.o)
    0x080021fc   0x00000018   Code   RO         6356    .text               mc_w.l(strncpy.o)
    0x08002214   0x00000010   Code   RO         6358    .text               mc_w.l(strlen.o)
    0x08002224   0x00000020   Code   RO         6360    .text               mc_w.l(strrchr.o)
    0x08002244   0x00000070   Code   RO         6625    .text               mc_w.l(strtol.o)
    0x080022b4   0x000000b0   Code   RO         6627    .text               mf_w.l(fadd.o)
    0x08002364   0x0000014c   Code   RO         6629    .text               mf_w.l(dadd.o)
    0x080024b0   0x000000e0   Code   RO         6631    .text               mf_w.l(dmul.o)
    0x08002590   0x000000de   Code   RO         6633    .text               mf_w.l(ddiv.o)
    0x0800266e   0x0000002e   Code   RO         6635    .text               mf_w.l(dscalb.o)
    0x0800269c   0x0000000a   Code   RO         6637    .text               mf_w.l(ffltui.o)
    0x080026a6   0x0000001a   Code   RO         6639    .text               mf_w.l(dfltui.o)
    0x080026c0   0x0000002e   Code   RO         6641    .text               mf_w.l(dfixui.o)
    0x080026ee   0x0000002c   Code   RO         6643    .text               mf_w.l(f2d.o)
    0x0800271a   0x00000002   PAD
    0x0800271c   0x00000028   Code   RO         6645    .text               mf_w.l(cdcmple.o)
    0x08002744   0x00000014   Code   RO         6649    .text               mf_w.l(cfcmple.o)
    0x08002758   0x00000014   Code   RO         6651    .text               mf_w.l(cfrcmple.o)
    0x0800276c   0x0000002c   Code   RO         6664    .text               mc_w.l(uidiv.o)
    0x08002798   0x0000001e   Code   RO         6666    .text               mc_w.l(llshl.o)
    0x080027b6   0x00000020   Code   RO         6668    .text               mc_w.l(llushr.o)
    0x080027d6   0x00000024   Code   RO         6670    .text               mc_w.l(llsshr.o)
    0x080027fa   0x00000002   PAD
    0x080027fc   0x00000008   Code   RO         6672    .text               mc_w.l(ctype_o.o)
    0x08002804   0x0000009e   Code   RO         6707    .text               mc_w.l(_strtoul.o)
    0x080028a2   0x00000000   Code   RO         6709    .text               mc_w.l(iusefp.o)
    0x080028a2   0x0000006c   Code   RO         6710    .text               mf_w.l(fepilogue.o)
    0x0800290e   0x000000be   Code   RO         6712    .text               mf_w.l(depilogue.o)
    0x080029cc   0x00000024   Code   RO         6718    .text               mc_w.l(init.o)
    0x080029f0   0x0000001c   Code   RO         6720    .text               mc_w.l(_chval.o)
    0x08002a0c   0x0000005c   Code   RO         6730    .text               mc_w.l(__dczerorl2.o)
    0x08002a68   0x0000008c   Code   RO         4079    i.ADCDrv_NormalModeInit  adc_drv.o
    0x08002af4   0x0000001c   Code   RO         4080    i.ADCDrv_Start      adc_drv.o
    0x08002b10   0x00000074   Code   RO         4081    i.ADCDrv_StartBatteryMeasure  adc_drv.o
    0x08002b84   0x000000ac   Code   RO         4082    i.ADCTimer_CallBack  adc_drv.o
    0x08002c30   0x00000098   Code   RO         2736    i.AppInit           application.o
    0x08002cc8   0x00000068   Code   RO         2737    i.AppVersionInfo    application.o
    0x08002d30   0x00000044   Code   RO         2975    i.BAT_CE_Set        board_v1_2_5.o
    0x08002d74   0x00000010   Code   RO         3107    i.BSP_Init          os_global.o
    0x08002d84   0x00000028   Code   RO         4083    i.BatChargeCloseTimer_CallBack  adc_drv.o
    0x08002dac   0x00000020   Code   RO         4121    i.BatLev_ClosePower  batterylevel.o
    0x08002dcc   0x00000070   Code   RO         4122    i.BatLev_GetPercent  batterylevel.o
    0x08002e3c   0x0000000c   Code   RO         4123    i.BatLev_Init       batterylevel.o
    0x08002e48   0x00000048   Code   RO         4125    i.BatteryIsCharging  batterylevel.o
    0x08002e90   0x00000090   Code   RO         2976    i.Board_GpioInit    board_v1_2_5.o
    0x08002f20   0x00000032   Code   RO         4775    i.Bot_Abort         usb_bot.o
    0x08002f52   0x00000002   Code   RO         2622    i.BusFault_Handler  stm32f10x_it.o
    0x08002f54   0x0000000a   Code   RO         5326    i.ByteSwap          usb_regs.o
    0x08002f5e   0x00000002   PAD
    0x08002f60   0x00000198   Code   RO         4776    i.CBW_Decode        usb_bot.o
    0x080030f8   0x00000078   Code   RO         5278    i.CTR_HP            usb_int.o
    0x08003170   0x0000013c   Code   RO         5279    i.CTR_LP            usb_int.o
    0x080032ac   0x0000003c   Code   RO         3215    i.CalculateHchoAver  pm25sensor.o
    0x080032e8   0x00000024   Code   RO         5327    i.ClearDTOG_RX      usb_regs.o
    0x0800330c   0x00000024   Code   RO         5328    i.ClearDTOG_TX      usb_regs.o
    0x08003330   0x00000020   Code   RO         5333    i.Clear_Status_Out  usb_regs.o
    0x08003350   0x000000bc   Code   RO         5133    i.DataStageIn       usb_core.o
    0x0800340c   0x000000a8   Code   RO         5134    i.DataStageOut      usb_core.o
    0x080034b4   0x0000019c   Code   RO         5135    i.Data_Setup0       usb_core.o
    0x08003650   0x00000002   Code   RO         2623    i.DebugMon_Handler  stm32f10x_it.o
    0x08003652   0x00000004   Code   RO         4840    i.EP1_IN_Callback   usb_endp.o
    0x08003656   0x00000004   Code   RO         4841    i.EP2_OUT_Callback  usb_endp.o
    0x0800365a   0x00000002   PAD
    0x0800365c   0x00000040   Code   RO         4166    i.EXTI9_5_IRQHandler  extidrv.o
    0x0800369c   0x00000070   Code   RO         2437    i.EXTI_Init         stm32f10x_exti.o
    0x0800370c   0x00000040   Code   RO         4167    i.ExtiCheckTimer_CallBack  extidrv.o
    0x0800374c   0x00000078   Code   RO         4168    i.ExtiDrv_Init      extidrv.o
    0x080037c4   0x00000044   Code   RO         2926    i.F10X_FLASH_ReadAppAttr  f10x_flash_if.o
    0x08003808   0x00000048   Code   RO         2927    i.F10X_FLASH_ReadSysEnv  f10x_flash_if.o
    0x08003850   0x00000068   Code   RO         2928    i.F10X_FLASH_WriteAppAttr  f10x_flash_if.o
    0x080038b8   0x00000068   Code   RO         2929    i.F10X_FLASH_WriteSysEnv  f10x_flash_if.o
    0x08003920   0x00000038   Code   RO         5752    i.FILE_FormatDisk   fatfs_demo.o
    0x08003958   0x00000098   Code   RO         5753    i.FILE_GetSensorTotalItems  fatfs_demo.o
    0x080039f0   0x000000a4   Code   RO         5754    i.FILE_Open         fatfs_demo.o
    0x08003a94   0x000001f8   Code   RO         5755    i.FILE_ReadConfig   fatfs_demo.o
    0x08003c8c   0x0000009c   Code   RO         5756    i.FILE_Scan         fatfs_demo.o
    0x08003d28   0x000000ec   Code   RO         5757    i.FILE_SearchUpdateBinFile  fatfs_demo.o
    0x08003e14   0x0000003c   Code   RO         5758    i.FILE_Write        fatfs_demo.o
    0x08003e50   0x00000004   Code   RO         5759    i.FatFs_Demo        fatfs_demo.o
    0x08003e54   0x00000028   Code   RO          332    i.GPIO_EXTILineConfig  stm32f10x_gpio.o
    0x08003e7c   0x00000020   Code   RO         5345    i.GetEPRxAddr       usb_regs.o
    0x08003e9c   0x00000020   Code   RO         5346    i.GetEPRxCount      usb_regs.o
    0x08003ebc   0x00000014   Code   RO         5347    i.GetEPRxStatus     usb_regs.o
    0x08003ed0   0x0000001c   Code   RO         5348    i.GetEPTxAddr       usb_regs.o
    0x08003eec   0x0000001c   Code   RO         4879    i.Get_Max_Lun       usb_prop.o
    0x08003f08   0x00000034   Code   RO         4606    i.Get_SerialNum     hw_config.o
    0x08003f3c   0x000000ac   Code   RO         3216    i.HCHO_CaliSet      pm25sensor.o
    0x08003fe8   0x0000002c   Code   RO         3217    i.HCHO_CheckSum     pm25sensor.o
    0x08004014   0x000000c4   Code   RO         3218    i.HCHO_DisplayInit  pm25sensor.o
    0x080040d8   0x0000006a   Code   RO         3219    i.HCHO_DisplayMassFract  pm25sensor.o
    0x08004142   0x0000006a   Code   RO         3220    i.HCHO_DisplayPPM   pm25sensor.o
    0x080041ac   0x00000084   Code   RO         3221    i.HCHO_DisplayValue  pm25sensor.o
    0x08004230   0x00000040   Code   RO         3222    i.HCHO_Indicate     pm25sensor.o
    0x08004270   0x00000048   Code   RO         3224    i.HCHO_Receive      pm25sensor.o
    0x080042b8   0x0000008c   Code   RO         3228    i.HCHO_UART_IRQHandler  pm25sensor.o
    0x08004344   0x00000002   Code   RO         2624    i.HardFault_Handler  stm32f10x_it.o
    0x08004346   0x00000002   PAD
    0x08004348   0x00000044   Code   RO         3908    i.IIC_Init          iic_drv.o
    0x0800438c   0x00000004   Code   RO         3910    i.IIC_ReadNByteDirectly  iic_drv.o
    0x08004390   0x00000042   Code   RO         3911    i.IIC_ReadNByteDirectly_Raw  iic_drv.o
    0x080043d2   0x0000000c   Code   RO         3912    i.IIC_ReadNByteExt  iic_drv.o
    0x080043de   0x0000004e   Code   RO         3913    i.IIC_ReadNByte_Raw  iic_drv.o
    0x0800442c   0x00000004   Code   RO         3914    i.IIC_WriteNByte    iic_drv.o
    0x08004430   0x00000032   Code   RO         3915    i.IIC_WriteNByte_Raw  iic_drv.o
    0x08004462   0x00000002   PAD
    0x08004464   0x0000005c   Code   RO         5136    i.In0_Process       usb_core.o
    0x080044c0   0x00000036   Code   RO         4607    i.IntToUnicode      hw_config.o
    0x080044f6   0x00000002   PAD
    0x080044f8   0x00000024   Code   RO         3108    i.JumpToBootloader  os_global.o
    0x0800451c   0x0000001e   Code   RO         3017    i.LCD1602_ClearScreen  lcd1602_drv.o
    0x0800453a   0x00000002   PAD
    0x0800453c   0x00000080   Code   RO         3019    i.LCD1602_HardwareInit  lcd1602_drv.o
    0x080045bc   0x000000b4   Code   RO         3020    i.LCD1602_Init      lcd1602_drv.o
    0x08004670   0x0000000e   Code   RO         3021    i.LCD1602_SetXY     lcd1602_drv.o
    0x0800467e   0x00000002   PAD
    0x08004680   0x000000c0   Code   RO         3022    i.LCD1602_WriteCmd  lcd1602_drv.o
    0x08004740   0x000000c0   Code   RO         3023    i.LCD1602_WriteData  lcd1602_drv.o
    0x08004800   0x00000026   Code   RO         3024    i.LCD1602_WriteInt  lcd1602_drv.o
    0x08004826   0x00000002   PAD
    0x08004828   0x000000a0   Code   RO         3025    i.LCD1602_WriteInteger  lcd1602_drv.o
    0x080048c8   0x00000018   Code   RO         3026    i.LCD1602_WriteString  lcd1602_drv.o
    0x080048e0   0x00000044   Code   RO         2977    i.LCD_Ctrl_Set      board_v1_2_5.o
    0x08004924   0x00000048   Code   RO         3229    i.LCD_Display_AQI   pm25sensor.o
    0x0800496c   0x00000064   Code   RO         3230    i.LCD_Display_CC    pm25sensor.o
    0x080049d0   0x00000014   Code   RO         3027    i.LCD_enable_wait   lcd1602_drv.o
    0x080049e4   0x00000024   Code   RO         3028    i.LCD_enable_write  lcd1602_drv.o
    0x08004a08   0x0000005c   Code   RO         3029    i.LCD_set_data_dir  lcd1602_drv.o
    0x08004a64   0x00000030   Code   RO         4679    i.MAL_GetStatus     mass_mal.o
    0x08004a94   0x00000010   Code   RO         4680    i.MAL_Init          mass_mal.o
    0x08004aa4   0x00000016   Code   RO         4681    i.MAL_Read          mass_mal.o
    0x08004aba   0x00000016   Code   RO         4682    i.MAL_Write         mass_mal.o
    0x08004ad0   0x00000040   Code   RO         4880    i.MASS_Data_Setup   usb_prop.o
    0x08004b10   0x0000000c   Code   RO         4881    i.MASS_GetConfigDescriptor  usb_prop.o
    0x08004b1c   0x0000000c   Code   RO         4882    i.MASS_GetDeviceDescriptor  usb_prop.o
    0x08004b28   0x00000020   Code   RO         4883    i.MASS_GetStringDescriptor  usb_prop.o
    0x08004b48   0x0000000a   Code   RO         4884    i.MASS_Get_Interface_Setting  usb_prop.o
    0x08004b52   0x00000002   PAD
    0x08004b54   0x00000050   Code   RO         4885    i.MASS_NoData_Setup  usb_prop.o
    0x08004ba4   0x000000e0   Code   RO         4886    i.MASS_Reset        usb_prop.o
    0x08004c84   0x00000002   Code   RO         4887    i.MASS_Status_In    usb_prop.o
    0x08004c86   0x00000002   Code   RO         4888    i.MASS_Status_Out   usb_prop.o
    0x08004c88   0x00000024   Code   RO         4889    i.MASS_init         usb_prop.o
    0x08004cac   0x0000001c   Code   RO         4890    i.Mass_Storage_ClearFeature  usb_prop.o
    0x08004cc8   0x00000080   Code   RO         4777    i.Mass_Storage_In   usb_bot.o
    0x08004d48   0x00000074   Code   RO         4778    i.Mass_Storage_Out  usb_bot.o
    0x08004dbc   0x00000034   Code   RO         4891    i.Mass_Storage_SetConfiguration  usb_prop.o
    0x08004df0   0x0000000c   Code   RO         4892    i.Mass_Storage_SetDeviceAddress  usb_prop.o
    0x08004dfc   0x00000002   Code   RO         2625    i.MemManage_Handler  stm32f10x_it.o
    0x08004dfe   0x00000002   Code   RO         2626    i.NMI_Handler       stm32f10x_it.o
    0x08004e00   0x00000002   Code   RO         5137    i.NOP_Process       usb_core.o
    0x08004e02   0x00000002   PAD
    0x08004e04   0x000000d4   Code   RO         5138    i.NoData_Setup0     usb_core.o
    0x08004ed8   0x00000020   Code   RO         3232    i.NoSensor_DisplayInit  pm25sensor.o
    0x08004ef8   0x00000002   Code   RO         3233    i.NoSensor_DisplayValue  pm25sensor.o
    0x08004efa   0x00000002   PAD
    0x08004efc   0x0000000c   Code   RO         2854    i.OS_GetSysTick     timermanager.o
    0x08004f08   0x00000014   Code   RO         3109    i.OS_IsTimeout      os_global.o
    0x08004f1c   0x0000000c   Code   RO         3110    i.OS_SetTimeout     os_global.o
    0x08004f28   0x00000044   Code   RO         3165    i.OS_TimerCheck     os_timer.o
    0x08004f6c   0x0000001a   Code   RO         3166    i.OS_TimerInit      os_timer.o
    0x08004f86   0x00000002   PAD
    0x08004f88   0x00000034   Code   RO         3168    i.OS_TimerStart     os_timer.o
    0x08004fbc   0x00000020   Code   RO         3169    i.OS_TimerStop      os_timer.o
    0x08004fdc   0x00000048   Code   RO         5139    i.Out0_Process      usb_core.o
    0x08005024   0x00000114   Code   RO         3234    i.PM25_AqiCalculate  pm25sensor.o
    0x08005138   0x000000ac   Code   RO         3235    i.PM25_Display_Init  pm25sensor.o
    0x080051e4   0x00000080   Code   RO         3236    i.PM25_Display_Value  pm25sensor.o
    0x08005264   0x000000d4   Code   RO         3237    i.PM25_Init         pm25sensor.o
    0x08005338   0x00000094   Code   RO         3238    i.PM25_Receive      pm25sensor.o
    0x080053cc   0x00000090   Code   RO         3239    i.PM25_UART_IRQHandler  pm25sensor.o
    0x0800545c   0x0000001c   Code   RO         5308    i.PMAToUserBufferCopy  usb_mem.o
    0x08005478   0x00000002   Code   RO         2627    i.PendSV_Handler    stm32f10x_it.o
    0x0800547a   0x00000002   PAD
    0x0800547c   0x00000044   Code   RO         5140    i.Post0_Process     usb_core.o
    0x080054c0   0x00000080   Code   RO         4265    i.PowerCtrl_LowerPower  powerctrl.o
    0x08005540   0x0000007c   Code   RO         2739    i.PowerCtrl_SetClock  application.o
    0x080055bc   0x0000002c   Code   RO         4987    i.PowerOn           usb_pwr.o
    0x080055e8   0x00000002   Code   RO         3544    i.Queue_UART_IRQHandler  uart_queue.o
    0x080055ea   0x00000002   PAD
    0x080055ec   0x00000040   Code   RO          127    i.RCC_DeInit        stm32f10x_rcc.o
    0x0800562c   0x00000028   Code   RO         4196    i.RTCDRV_WaitForLastTask  rtcdrv.o
    0x08005654   0x00000030   Code   RO         4197    i.RTCDRV_WaitForSynchro  rtcdrv.o
    0x08005684   0x000000c4   Code   RO         4198    i.RTCDrv_CalendarToSec  rtcdrv.o
    0x08005748   0x00000040   Code   RO         4199    i.RTCDrv_GetTime    rtcdrv.o
    0x08005788   0x0000006c   Code   RO         4200    i.RTCDrv_Init       rtcdrv.o
    0x080057f4   0x000000d0   Code   RO         4201    i.RTCDrv_SecToCalendar  rtcdrv.o
    0x080058c4   0x00000070   Code   RO         4203    i.RTCDrv_SetTime    rtcdrv.o
    0x08005934   0x000000b4   Code   RO         4204    i.RTC_Configuration  rtcdrv.o
    0x080059e8   0x00000014   Code   RO         2489    i.RTC_GetCounter    stm32f10x_rtc.o
    0x080059fc   0x00000048   Code   RO         4205    i.RTC_IRQHandler    rtcdrv.o
    0x08005a44   0x000000e8   Code   RO         4719    i.Read_Memory       memory.o
    0x08005b2c   0x00000074   Code   RO         5031    i.SCSI_Address_Management  usb_scsi.o
    0x08005ba0   0x00000030   Code   RO         5032    i.SCSI_Format_Cmd   usb_scsi.o
    0x08005bd0   0x00000034   Code   RO         5033    i.SCSI_Inquiry_Cmd  usb_scsi.o
    0x08005c04   0x00000034   Code   RO         5034    i.SCSI_Invalid_Cmd  usb_scsi.o
    0x08005c38   0x0000000c   Code   RO         5035    i.SCSI_ModeSense10_Cmd  usb_scsi.o
    0x08005c44   0x0000000c   Code   RO         5036    i.SCSI_ModeSense6_Cmd  usb_scsi.o
    0x08005c50   0x00000068   Code   RO         5037    i.SCSI_Read10_Cmd   usb_scsi.o
    0x08005cb8   0x00000070   Code   RO         5038    i.SCSI_ReadCapacity10_Cmd  usb_scsi.o
    0x08005d28   0x0000006c   Code   RO         5039    i.SCSI_ReadFormatCapacity_Cmd  usb_scsi.o
    0x08005d94   0x00000018   Code   RO         5040    i.SCSI_RequestSense_Cmd  usb_scsi.o
    0x08005dac   0x00000008   Code   RO         5041    i.SCSI_Start_Stop_Unit_Cmd  usb_scsi.o
    0x08005db4   0x00000038   Code   RO         5042    i.SCSI_TestUnitReady_Cmd  usb_scsi.o
    0x08005dec   0x00000034   Code   RO         5044    i.SCSI_Verify10_Cmd  usb_scsi.o
    0x08005e20   0x00000068   Code   RO         5045    i.SCSI_Write10_Cmd  usb_scsi.o
    0x08005e88   0x00000028   Code   RO         3916    i.SDA_DIR           iic_drv.o
    0x08005eb0   0x0000001c   Code   RO         2888    i.SDRR_Init         sdrr.o
    0x08005ecc   0x000000b4   Code   RO         2889    i.SDRR_SaveSensorPoint  sdrr.o
    0x08005f80   0x00000150   Code   RO         2890    i.SDRR_SensorPointToString  sdrr.o
    0x080060d0   0x00000088   Code   RO         2891    i.SDRR_WriteRecordToFile  sdrr.o
    0x08006158   0x00000060   Code   RO         4018    i.SHT20_CalculateHumi  sht20.o
    0x080061b8   0x00000068   Code   RO         4019    i.SHT20_CalculateTemp  sht20.o
    0x08006220   0x00000034   Code   RO         4020    i.SHT20_Init        sht20.o
    0x08006254   0x0000009a   Code   RO         4021    i.SHT20_RegConfig   sht20.o
    0x080062ee   0x00000002   PAD
    0x080062f0   0x00000058   Code   RO         6182    i.STM32_ADC_Init    reglib.o
    0x08006348   0x00000074   Code   RO         6183    i.STM32_ADC_RegularChannelConfig  reglib.o
    0x080063bc   0x0000007e   Code   RO         6184    i.STM32_GPIOInit    reglib.o
    0x0800643a   0x00000002   PAD
    0x0800643c   0x000000a4   Code   RO         6189    i.STM32_NVICInit    reglib.o
    0x080064e0   0x00000028   Code   RO         6190    i.STM32_NVICPriorityGroupConfig  reglib.o
    0x08006508   0x00000050   Code   RO         6192    i.STM32_SPI_I2S_DeInit  reglib.o
    0x08006558   0x00000002   Code   RO         2628    i.SVC_Handler       stm32f10x_it.o
    0x0800655a   0x00000002   PAD
    0x0800655c   0x00000040   Code   RO         3240    i.Sensor_DisplayState  pm25sensor.o
    0x0800659c   0x00000080   Code   RO         3241    i.Sensor_HoldDisplay  pm25sensor.o
    0x0800661c   0x0000000c   Code   RO         3242    i.Sensor_KeepDisplayState  pm25sensor.o
    0x08006628   0x0000003c   Code   RO         3243    i.Sensor_SubStateToNext  pm25sensor.o
    0x08006664   0x00000010   Code   RO         5356    i.SetBTABLE         usb_regs.o
    0x08006674   0x00000044   Code   RO         5141    i.SetDeviceAddress  usb_core.o
    0x080066b8   0x00000020   Code   RO         5370    i.SetEPRxAddr       usb_regs.o
    0x080066d8   0x00000040   Code   RO         5371    i.SetEPRxCount      usb_regs.o
    0x08006718   0x00000030   Code   RO         5372    i.SetEPRxStatus     usb_regs.o
    0x08006748   0x00000024   Code   RO         5373    i.SetEPRxValid      usb_regs.o
    0x0800676c   0x00000020   Code   RO         5374    i.SetEPTxAddr       usb_regs.o
    0x0800678c   0x0000001c   Code   RO         5375    i.SetEPTxCount      usb_regs.o
    0x080067a8   0x00000030   Code   RO         5376    i.SetEPTxStatus     usb_regs.o
    0x080067d8   0x0000001c   Code   RO         5378    i.SetEPType         usb_regs.o
    0x080067f4   0x00000094   Code   RO         4294    i.SetSysClockTo72   system_stm32f10x.o
    0x08006888   0x00000040   Code   RO         4779    i.Set_CSW           usb_bot.o
    0x080068c8   0x0000000c   Code   RO         5046    i.Set_Scsi_Sense_Data  usb_scsi.o
    0x080068d4   0x00000068   Code   RO         5142    i.Setup0_Process    usb_core.o
    0x0800693c   0x000000ec   Code   RO         5143    i.Standard_ClearFeature  usb_core.o
    0x08006a28   0x00000028   Code   RO         5144    i.Standard_GetConfiguration  usb_core.o
    0x08006a50   0x0000001c   Code   RO         5145    i.Standard_GetDescriptorData  usb_core.o
    0x08006a6c   0x00000028   Code   RO         5146    i.Standard_GetInterface  usb_core.o
    0x08006a94   0x00000090   Code   RO         5147    i.Standard_GetStatus  usb_core.o
    0x08006b24   0x00000038   Code   RO         5148    i.Standard_SetConfiguration  usb_core.o
    0x08006b5c   0x00000024   Code   RO         5149    i.Standard_SetDeviceFeature  usb_core.o
    0x08006b80   0x00000084   Code   RO         5150    i.Standard_SetEndPointFeature  usb_core.o
    0x08006c04   0x00000048   Code   RO         5151    i.Standard_SetInterface  usb_core.o
    0x08006c4c   0x00000058   Code   RO         5760    i.StringToInt       fatfs_demo.o
    0x08006ca4   0x00000090   Code   RO         2741    i.SysClockConfig    application.o
    0x08006d34   0x00000004   Code   RO         2629    i.SysTick_Handler   stm32f10x_it.o
    0x08006d38   0x00000014   Code   RO         2855    i.SysTick_Increment  timermanager.o
    0x08006d4c   0x00000038   Code   RO         2856    i.SysTick_Init      timermanager.o
    0x08006d84   0x00000016   Code   RO         3111    i.Sys_GenSum32      os_global.o
    0x08006d9a   0x0000000e   Code   RO         3112    i.Sys_IsBigEndian   os_global.o
    0x08006da8   0x00000050   Code   RO         4296    i.SystemInit        system_stm32f10x.o
    0x08006df8   0x00000010   Code   RO         3244    i.TIME_DisplayExit  pm25sensor.o
    0x08006e08   0x0000008c   Code   RO         3245    i.TIME_DisplayInit  pm25sensor.o
    0x08006e94   0x000000c0   Code   RO         3246    i.TIME_DisplayValue  pm25sensor.o
    0x08006f54   0x00000018   Code   RO         3247    i.TIME_SetSensorExisted  pm25sensor.o
    0x08006f6c   0x00000028   Code   RO         3248    i.TIME_StopChargeDisplay  pm25sensor.o
    0x08006f94   0x0000003c   Code   RO         3249    i.TVOCCountDownTimer_CallBack  pm25sensor.o
    0x08006fd0   0x00000080   Code   RO         4056    i.TVOCSensorTimer_CallBack  tvocsensor.o
    0x08007050   0x0000000c   Code   RO         3250    i.TVOC_DisplayExit  pm25sensor.o
    0x0800705c   0x000000c4   Code   RO         3251    i.TVOC_DisplayInit  pm25sensor.o
    0x08007120   0x000000b4   Code   RO         3252    i.TVOC_DisplayValue  pm25sensor.o
    0x080071d4   0x0000002c   Code   RO         4057    i.TVOC_Init         tvocsensor.o
    0x08007200   0x00000010   Code   RO         3253    i.TVOC_NotExisted   pm25sensor.o
    0x08007210   0x00000018   Code   RO         3254    i.TVOC_SetSensorExisted  pm25sensor.o
    0x08007228   0x00000080   Code   RO         3255    i.TempHumi_DisplayInit  pm25sensor.o
    0x080072a8   0x000000f4   Code   RO         3256    i.TempHumi_DisplayValue  pm25sensor.o
    0x0800739c   0x00000068   Code   RO         3257    i.TempHumi_Indicate  pm25sensor.o
    0x08007404   0x00000018   Code   RO         3258    i.TempHumi_SetSensorExisted  pm25sensor.o
    0x0800741c   0x000000f0   Code   RO         3259    i.TimerCalculator_CallBack  pm25sensor.o
    0x0800750c   0x00000064   Code   RO         3260    i.TimerChargingDisplay_CallBack  pm25sensor.o
    0x08007570   0x0000001c   Code   RO         3261    i.TimerDelayDispVersion  pm25sensor.o
    0x0800758c   0x0000000c   Code   RO         3262    i.TimerPM25Store_CallBack  pm25sensor.o
    0x08007598   0x00000120   Code   RO         4022    i.TimerSHT20Sensor_CallBack  sht20.o
    0x080076b8   0x0000010c   Code   RO         3263    i.TimerSensorTask_CallBack  pm25sensor.o
    0x080077c4   0x00000034   Code   RO         4780    i.Transfer_Data_Request  usb_bot.o
    0x080077f8   0x00000004   Code   RO         3651    i.USART1_IRQHandler  uart_drv.o
    0x080077fc   0x00000064   Code   RO         3652    i.USART1_Init       uart_drv.o
    0x08007860   0x00000004   Code   RO         3653    i.USART2_IRQHandler  uart_drv.o
    0x08007864   0x0000005c   Code   RO         3654    i.USART2_Init       uart_drv.o
    0x080078c0   0x00000004   Code   RO         3655    i.USART3_IRQHandler  uart_drv.o
    0x080078c4   0x00000064   Code   RO         3656    i.USART3_Init       uart_drv.o
    0x08007928   0x00000006   Code   RO         4610    i.USBSet_System     hw_config.o
    0x0800792e   0x00000002   PAD
    0x08007930   0x0000001c   Code   RO         4611    i.USBSet_USBClock   hw_config.o
    0x0800794c   0x00000018   Code   RO         4612    i.USB_Cable_Config  hw_config.o
    0x08007964   0x00000004   Code   RO         2630    i.USB_HP_CAN1_TX_IRQHandler  stm32f10x_it.o
    0x08007968   0x00000028   Code   RO         5252    i.USB_Init          usb_init.o
    0x08007990   0x0000001e   Code   RO         4613    i.USB_Interrupts_Config  hw_config.o
    0x080079ae   0x00000002   PAD
    0x080079b0   0x00000048   Code   RO         4858    i.USB_Istr          usb_istr.o
    0x080079f8   0x00000004   Code   RO         2631    i.USB_LP_CAN1_RX0_IRQHandler  stm32f10x_it.o
    0x080079fc   0x00000020   Code   RO         5686    i.USB_SIL_Init      usb_sil.o
    0x08007a1c   0x00000024   Code   RO         5687    i.USB_SIL_Read      usb_sil.o
    0x08007a40   0x00000028   Code   RO         5688    i.USB_SIL_Write     usb_sil.o
    0x08007a68   0x00000002   Code   RO         2632    i.UsageFault_Handler  stm32f10x_it.o
    0x08007a6a   0x00000002   PAD
    0x08007a6c   0x00000028   Code   RO         5309    i.UserToPMABufferCopy  usb_mem.o
    0x08007a94   0x0000010c   Code   RO         4720    i.Write_Memory      memory.o
    0x08007ba0   0x00000028   Code   RO         6520    i.__0snprintf$6     mc_w.l(printf6.o)
    0x08007bc8   0x00000008   Code   RO         6700    i.__aeabi_errno_addr  mc_w.l(errno.o)
    0x08007bd0   0x00000010   Code   RO         6653    i.__mathlib_dbl_underflow  m_ws.l(dunder.o)
    0x08007be0   0x0000000e   Code   RO         6724    i.__scatterload_copy  mc_w.l(handlers.o)
    0x08007bee   0x00000002   Code   RO         6725    i.__scatterload_null  mc_w.l(handlers.o)
    0x08007bf0   0x0000000e   Code   RO         6726    i.__scatterload_zeroinit  mc_w.l(handlers.o)
    0x08007bfe   0x00000002   PAD
    0x08007c00   0x0000000c   Code   RO         6702    i.__set_errno       mc_w.l(errno.o)
    0x08007c0c   0x000002f4   Code   RO         6526    i._printf_core      mc_w.l(printf6.o)
    0x08007f00   0x00000026   Code   RO         6527    i._printf_post_padding  mc_w.l(printf6.o)
    0x08007f26   0x00000030   Code   RO         6528    i._printf_pre_padding  mc_w.l(printf6.o)
    0x08007f56   0x00000016   Code   RO         6529    i._snputc           mc_w.l(printf6.o)
    0x08007f6c   0x00000100   Code   RO         4405    i.aai_write         sfud.o
    0x0800806c   0x00000060   Code   RO         5829    i.check_fs          ff.o
    0x080080cc   0x00000010   Code   RO         5830    i.chk_chr           ff.o
    0x080080dc   0x00000064   Code   RO         5831    i.chk_lock          ff.o
    0x08008140   0x00000024   Code   RO         5832    i.clear_lock        ff.o
    0x08008164   0x00000028   Code   RO         5833    i.clmt_clust        ff.o
    0x0800818c   0x0000001e   Code   RO         5834    i.clust2sect        ff.o
    0x080081aa   0x000000ae   Code   RO         5835    i.create_chain      ff.o
    0x08008258   0x000001e0   Code   RO         5836    i.create_name       ff.o
    0x08008438   0x0000003c   Code   RO         5837    i.dec_lock          ff.o
    0x08008474   0x00000054   Code   RO         2999    i.delay_ms          delay.o
    0x080084c8   0x00000058   Code   RO         3000    i.delay_us          delay.o
    0x08008520   0x0000012c   Code   RO         5838    i.dir_find          ff.o
    0x0800864c   0x000000f2   Code   RO         5839    i.dir_next          ff.o
    0x0800873e   0x00000002   PAD
    0x08008740   0x000000fc   Code   RO         5840    i.dir_read          ff.o
    0x0800883c   0x000001a8   Code   RO         5841    i.dir_register      ff.o
    0x080089e4   0x00000062   Code   RO         5842    i.dir_remove        ff.o
    0x08008a46   0x00000086   Code   RO         5843    i.dir_sdi           ff.o
    0x08008acc   0x00000016   Code   RO         5710    i.disk_initialize   diskio.o
    0x08008ae2   0x0000000a   Code   RO         5711    i.disk_ioctl        diskio.o
    0x08008aec   0x00000012   Code   RO         5712    i.disk_read         diskio.o
    0x08008afe   0x00000004   Code   RO         5713    i.disk_status       diskio.o
    0x08008b02   0x00000012   Code   RO         5714    i.disk_write        diskio.o
    0x08008b14   0x00000026   Code   RO         5845    i.f_close           ff.o
    0x08008b3a   0x00000020   Code   RO         5846    i.f_closedir        ff.o
    0x08008b5a   0x000001a0   Code   RO         5849    i.f_lseek           ff.o
    0x08008cfa   0x00000002   PAD
    0x08008cfc   0x00000174   Code   RO         5850    i.f_mkdir           ff.o
    0x08008e70   0x00000532   Code   RO         5851    i.f_mkfs            ff.o
    0x080093a2   0x00000002   PAD
    0x080093a4   0x0000005c   Code   RO         5852    i.f_mount           ff.o
    0x08009400   0x00000198   Code   RO         5853    i.f_open            ff.o
    0x08009598   0x00000090   Code   RO         5854    i.f_opendir         ff.o
    0x08009628   0x00000126   Code   RO         5858    i.f_read            ff.o
    0x0800974e   0x00000002   PAD
    0x08009750   0x00000058   Code   RO         5859    i.f_readdir         ff.o
    0x080097a8   0x0000007a   Code   RO         5862    i.f_sync            ff.o
    0x08009822   0x00000002   PAD
    0x08009824   0x000000a8   Code   RO         5864    i.f_unlink          ff.o
    0x080098cc   0x0000017e   Code   RO         5866    i.f_write           ff.o
    0x08009a4a   0x00000002   PAD
    0x08009a4c   0x00000038   Code   RO         6153    i.ff_convert        ccsbcs.o
    0x08009a84   0x00000024   Code   RO         6154    i.ff_wtoupper       ccsbcs.o
    0x08009aa8   0x0000025c   Code   RO         5867    i.find_volume       ff.o
    0x08009d04   0x0000003c   Code   RO         3774    i.flash_disk_read   spi_flash_interface.o
    0x08009d40   0x00000014   Code   RO         3775    i.flash_disk_write  spi_flash_interface.o
    0x08009d54   0x0000000e   Code   RO         3776    i.flash_initialize  spi_flash_interface.o
    0x08009d62   0x0000002e   Code   RO         3777    i.flash_ioctl       spi_flash_interface.o
    0x08009d90   0x0000001c   Code   RO         3778    i.flash_mal_read    spi_flash_interface.o
    0x08009dac   0x00000088   Code   RO         3779    i.flash_mal_write   spi_flash_interface.o
    0x08009e34   0x00000066   Code   RO         5868    i.follow_path       ff.o
    0x08009e9a   0x00000002   PAD
    0x08009e9c   0x00000084   Code   RO         5869    i.gen_numname       ff.o
    0x08009f20   0x000000c2   Code   RO         5870    i.get_fat           ff.o
    0x08009fe2   0x00000004   Code   RO         5715    i.get_fattime       diskio.o
    0x08009fe6   0x000000b6   Code   RO         5871    i.get_fileinfo      ff.o
    0x0800a09c   0x0000003c   Code   RO         5872    i.get_ldnumber      ff.o
    0x0800a0d8   0x00000090   Code   RO         4354    i.gpio_configuration  sfud_port.o
    0x0800a168   0x000001a0   Code   RO         4406    i.hardware_init     sfud.o
    0x0800a308   0x00000040   Code   RO         3917    i.i2c_ack           iic_drv.o
    0x0800a348   0x00000040   Code   RO         3918    i.i2c_nack          iic_drv.o
    0x0800a388   0x00000078   Code   RO         3919    i.i2c_read_byte     iic_drv.o
    0x0800a400   0x00000068   Code   RO         3920    i.i2c_send_byte     iic_drv.o
    0x0800a468   0x00000050   Code   RO         3921    i.i2c_start         iic_drv.o
    0x0800a4b8   0x00000028   Code   RO         3922    i.i2c_start_write   iic_drv.o
    0x0800a4e0   0x00000044   Code   RO         3923    i.i2c_stop          iic_drv.o
    0x0800a524   0x00000060   Code   RO         3924    i.i2c_wait_ack      iic_drv.o
    0x0800a584   0x00000094   Code   RO         5873    i.inc_lock          ff.o
    0x0800a618   0x00000030   Code   RO         3501    i.key_gpio_init     key_drv.o
    0x0800a648   0x0000006c   Code   RO         3502    i.key_process       key_drv.o
    0x0800a6b4   0x0000004c   Code   RO         3503    i.key_read          key_drv.o
    0x0800a700   0x00000088   Code   RO         3504    i.key_scan          key_drv.o
    0x0800a788   0x00000014   Code   RO         5874    i.ld_clust          ff.o
    0x0800a79c   0x0000007e   Code   RO         6335    i.ldexp             m_ws.l(ldexp.o)
    0x0800a81a   0x00000002   PAD
    0x0800a81c   0x00000028   Code   RO         2574    i.main              main.o
    0x0800a844   0x0000002a   Code   RO         4407    i.make_adress_byte_array  sfud.o
    0x0800a86e   0x00000010   Code   RO         5875    i.mem_cpy           ff.o
    0x0800a87e   0x0000000e   Code   RO         5876    i.mem_set           ff.o
    0x0800a88c   0x00000036   Code   RO         5877    i.move_window       ff.o
    0x0800a8c2   0x00000026   Code   RO         3171    i.os_timer_arm      os_timer.o
    0x0800a8e8   0x000000ca   Code   RO         4408    i.page256_or_1_byte_write  sfud.o
    0x0800a9b2   0x000000f4   Code   RO         5878    i.put_fat           ff.o
    0x0800aaa6   0x00000166   Code   RO         4528    i.read_basic_table  sfud_sfdp.o
    0x0800ac0c   0x0000002e   Code   RO         4529    i.read_sfdp_data    sfud_sfdp.o
    0x0800ac3a   0x0000006e   Code   RO         5880    i.remove_chain      ff.o
    0x0800aca8   0x00000008   Code   RO         4355    i.retry_delay_100us  sfud_port.o
    0x0800acb0   0x00000044   Code   RO         4409    i.set_write_enabled  sfud.o
    0x0800acf4   0x00000074   Code   RO         4410    i.sfud_chip_erase   sfud.o
    0x0800ad68   0x00000016   Code   RO         4411    i.sfud_device_init  sfud.o
    0x0800ad7e   0x000000e4   Code   RO         4412    i.sfud_erase        sfud.o
    0x0800ae62   0x00000002   PAD
    0x0800ae64   0x00000008   Code   RO         4416    i.sfud_get_device_table  sfud.o
    0x0800ae6c   0x0000002c   Code   RO         4417    i.sfud_init         sfud.o
    0x0800ae98   0x00000068   Code   RO         4418    i.sfud_read         sfud.o
    0x0800af00   0x000000a2   Code   RO         4530    i.sfud_read_sfdp    sfud_sfdp.o
    0x0800afa2   0x00000018   Code   RO         4419    i.sfud_read_status  sfud.o
    0x0800afba   0x00000038   Code   RO         4531    i.sfud_sfdp_get_suitable_eraser  sfud_sfdp.o
    0x0800aff2   0x00000002   PAD
    0x0800aff4   0x000000ac   Code   RO         4358    i.sfud_spi_port_init  sfud_port.o
    0x0800b0a0   0x0000002a   Code   RO         4420    i.sfud_write        sfud.o
    0x0800b0ca   0x0000004a   Code   RO         4421    i.sfud_write_status  sfud.o
    0x0800b114   0x00000004   Code   RO         4359    i.spi_lock          sfud_port.o
    0x0800b118   0x00000004   Code   RO         4360    i.spi_unlock        sfud_port.o
    0x0800b11c   0x00000080   Code   RO         4361    i.spi_write_read    sfud_port.o
    0x0800b19c   0x00000010   Code   RO         5881    i.st_clust          ff.o
    0x0800b1ac   0x0000001a   Code   RO         5882    i.sum_sfn           ff.o
    0x0800b1c6   0x000000b6   Code   RO         5883    i.sync_fs           ff.o
    0x0800b27c   0x00000060   Code   RO         5884    i.sync_window       ff.o
    0x0800b2dc   0x00000030   Code   RO         4572    i.usb_main          usbapp.o
    0x0800b30c   0x00000028   Code   RO         5885    i.validate          ff.o
    0x0800b334   0x0000002a   Code   RO         4422    i.wait_busy         sfud.o
    0x0800b35e   0x00000002   PAD
    0x0800b360   0x00000111   Data   RO         3265    .constdata          pm25sensor.o
    0x0800b471   0x00000001   PAD
    0x0800b472   0x00000028   Data   RO         4126    .constdata          batterylevel.o
    0x0800b49a   0x0000000c   Data   RO         4207    .constdata          rtcdrv.o
    0x0800b4a6   0x00000002   PAD
    0x0800b4a8   0x00000180   Data   RO         4423    .constdata          sfud.o
    0x0800b628   0x00000012   Data   RO         4822    .constdata          usb_desc.o
    0x0800b63a   0x00000020   Data   RO         4823    .constdata          usb_desc.o
    0x0800b65a   0x00000004   Data   RO         4824    .constdata          usb_desc.o
    0x0800b65e   0x00000026   Data   RO         4825    .constdata          usb_desc.o
    0x0800b684   0x00000026   Data   RO         4826    .constdata          usb_desc.o
    0x0800b6aa   0x00000010   Data   RO         4827    .constdata          usb_desc.o
    0x0800b6ba   0x00000002   PAD
    0x0800b6bc   0x000000e4   Data   RO         5763    .constdata          fatfs_demo.o
    0x0800b7a0   0x000000ba   Data   RO         5887    .constdata          ff.o
    0x0800b85a   0x000004c0   Data   RO         6155    .constdata          ccsbcs.o
    0x0800bd1a   0x00000081   Data   RO         6673    .constdata          mc_w.l(ctype_o.o)
    0x0800bd9b   0x00000001   PAD
    0x0800bd9c   0x00000004   Data   RO         6674    .constdata          mc_w.l(ctype_o.o)
    0x0800bda0   0x000000d7   Data   RO         4424    .conststring        sfud.o
    0x0800be77   0x00000001   PAD
    0x0800be78   0x00000020   Data   RO         6722    Region$$Table       anon$$obj.o


    Execution Region RW_IRAM1 (Base: 0x20000000, Size: 0x000022b8, Max: 0x00005000, ABSOLUTE, COMPRESSED[0x00000138])

    Base Addr    Size         Type   Attr      Idx    E Section Name        Object

    0x20000000   0x00000008   Data   RW         2857    .data               timermanager.o
    0x20000008   0x0000000c   Data   RW         2893    .data               sdrr.o
    0x20000014   0x00000001   Data   RW         3114    .data               os_global.o
    0x20000015   0x00000003   PAD
    0x20000018   0x00000008   Data   RW         3172    .data               os_timer.o
    0x20000020   0x000000c8   Data   RW         3266    .data               pm25sensor.o
    0x200000e8   0x0000000a   Data   RW         3505    .data               key_drv.o
    0x200000f2   0x00000002   PAD
    0x200000f4   0x00000008   Data   RW         4024    .data               sht20.o
    0x200000fc   0x0000000c   Data   RW         4059    .data               tvocsensor.o
    0x20000108   0x00000008   Data   RW         4085    .data               adc_drv.o
    0x20000110   0x00000002   Data   RW         4127    .data               batterylevel.o
    0x20000112   0x00000001   Data   RW         4170    .data               extidrv.o
    0x20000113   0x00000001   PAD
    0x20000114   0x00000002   Data   RW         4208    .data               rtcdrv.o
    0x20000116   0x00000002   PAD
    0x20000118   0x00000014   Data   RW         4297    .data               system_stm32f10x.o
    0x2000012c   0x0000000c   Data   RW         4362    .data               sfud_port.o
    0x20000138   0x00000074   Data   RW         4425    .data               sfud.o
    0x200001ac   0x00000004   PAD
    0x200001b0   0x00000010   Data   RW         4683    .data               mass_mal.o
    0x200001c0   0x00000038   Data   RW         4722    .data               memory.o
    0x200001f8   0x00000005   Data   RW         4752    .data               scsi_data.o
    0x200001fd   0x00000024   Data   RW         4753    .data               scsi_data.o
    0x20000221   0x00000024   Data   RW         4754    .data               scsi_data.o
    0x20000245   0x00000004   Data   RW         4755    .data               scsi_data.o
    0x20000249   0x00000008   Data   RW         4756    .data               scsi_data.o
    0x20000251   0x00000012   Data   RW         4757    .data               scsi_data.o
    0x20000263   0x00000008   Data   RW         4758    .data               scsi_data.o
    0x2000026b   0x0000000c   Data   RW         4759    .data               scsi_data.o
    0x20000277   0x00000001   PAD
    0x20000278   0x0000000c   Data   RW         4782    .data               usb_bot.o
    0x20000284   0x0000001a   Data   RW         4828    .data               usb_desc.o
    0x2000029e   0x00000002   PAD
    0x200002a0   0x0000001c   Data   RW         4860    .data               usb_istr.o
    0x200002bc   0x0000001c   Data   RW         4861    .data               usb_istr.o
    0x200002d8   0x00000002   Data   RW         4862    .data               usb_istr.o
    0x200002da   0x00000002   PAD
    0x200002dc   0x0000006c   Data   RW         4893    .data               usb_prop.o
    0x20000348   0x00000002   Data   RW         4894    .data               usb_prop.o
    0x2000034a   0x00000002   PAD
    0x2000034c   0x00000024   Data   RW         4895    .data               usb_prop.o
    0x20000370   0x00000004   Data   RW         4992    .data               usb_pwr.o
    0x20000374   0x00000004   Data   RW         5152    .data               usb_core.o
    0x20000378   0x00000001   Data   RW         5254    .data               usb_init.o
    0x20000379   0x00000003   PAD
    0x2000037c   0x0000000c   Data   RW         5255    .data               usb_init.o
    0x20000388   0x00000002   Data   RW         5257    .data               usb_init.o
    0x2000038a   0x00000004   Data   RW         5280    .data               usb_int.o
    0x2000038e   0x00000028   Data   RW         5764    .data               fatfs_demo.o
    0x200003b6   0x00000002   PAD
    0x200003b8   0x0000000c   Data   RW         5888    .data               ff.o
    0x200003c4   0x00000004   Data   RW         6703    .data               mc_w.l(errno.o)
    0x200003c8   0x00000116   Zero   RW         2892    .bss                sdrr.o
    0x200004de   0x00000002   PAD
    0x200004e0   0x00000148   Zero   RW         3264    .bss                pm25sensor.o
    0x20000628   0x00001000   Zero   RW         3780    .bss                spi_flash_interface.o
    0x20001628   0x0000002c   Zero   RW         4023    .bss                sht20.o
    0x20001654   0x0000001c   Zero   RW         4058    .bss                tvocsensor.o
    0x20001670   0x00000038   Zero   RW         4084    .bss                adc_drv.o
    0x200016a8   0x0000001c   Zero   RW         4169    .bss                extidrv.o
    0x200016c4   0x0000000a   Zero   RW         4206    .bss                rtcdrv.o
    0x200016ce   0x00000002   PAD
    0x200016d0   0x00000400   Zero   RW         4721    .bss                memory.o
    0x20001ad0   0x00000070   Zero   RW         4781    .bss                usb_bot.o
    0x20001b40   0x0000001c   Zero   RW         5253    .bss                usb_init.o
    0x20001b5c   0x000002d0   Zero   RW         5762    .bss                fatfs_demo.o
    0x20001e2c   0x0000008a   Zero   RW         5886    .bss                ff.o
    0x20001eb6   0x00000002   PAD
    0x20001eb8   0x00000400   Zero   RW         4323    STACK               startup_stm32f10x_md.o


==============================================================================

Image component sizes


      Code (inc. data)   RO Data    RW Data    ZI Data      Debug   Object Name

       496         76          0          8         56       3384   adc_drv.o
       524         98          0          0          0       5325   application.o
       228         32         40          2          0       2870   batterylevel.o
       280         16          0          0          0       1569   board_v1_2_5.o
        92         14       1216          0          0       2087   ccsbcs.o
         0          0          0          0          0         32   core_cm3.o
       172         22          0          0          0       2282   delay.o
        76          0          0          0          0       3644   diskio.o
       248         50          0          1         28       1674   extidrv.o
       348         16          0          0          0       9052   f10x_flash_if.o
      1420        134        228         40        720      11023   fatfs_demo.o
      8608        174        186         12        138      43563   ff.o
       194         24          0          0          0       3386   hw_config.o
       958         52          0          0          0       9253   iic_drv.o
       368         26          0         10          0       2664   key_drv.o
      1106         78          0          0          0       6991   lcd1602_drv.o
        40          6          0          0          0       6809   main.o
       108          8          0         16          0       3046   mass_mal.o
       500         50          0         56       1024       3586   memory.o
         0          0          0          0          0     216268   misc.o
       120         14          0          1          0      18451   os_global.o
       216         16          0          8          0       3105   os_timer.o
      4690        650        273        200        328      28332   pm25sensor.o
       128         22          0          0          0        455   powerctrl.o
       614         34          0          0          0       4847   reglib.o
         0          0          0          0          0        724   rom_flash_interface.o
      1028        102         12          2         10       7566   rtcdrv.o
         0          0          0        127          0        974   scsi_data.o
       680        156          0         12        278       3854   sdrr.o
      1688         16        599        116          0      19376   sfud.o
       460         58          0         12          0       4449   sfud_port.o
       622          0          0          0          0       4277   sfud_sfdp.o
       694         56          0          8         44       4447   sht20.o
       304          6          0          0       4096       4841   spi_flash_interface.o
        36          8        236          0       1024        752   startup_stm32f10x_md.o
       112          4          0          0          0        896   stm32f10x_exti.o
        40          6          0          0          0        570   stm32f10x_gpio.o
        28          0          0          0          0       7347   stm32f10x_it.o
        64         14          0          0          0       2045   stm32f10x_rcc.o
        20          4          0          0          0        449   stm32f10x_rtc.o
       228         26          0         20          0       1661   system_stm32f10x.o
        88         22          0          8          0      16889   timermanager.o
       172         22          0         12         28       1820   tvocsensor.o
       304         36          0          0          0       2558   uart_drv.o
         2          0          0          0          0        392   uart_queue.o
       818         78          0         12        112       4875   usb_bot.o
      2170        280          0          4          0      13711   usb_core.o
         0          0        146         26          0        880   usb_desc.o
         8          0          0          0          0        789   usb_endp.o
        40         18          0         15         28       3894   usb_init.o
       436         44          0          4          0       2053   usb_int.o
        72         18          0         58          0       1244   usb_istr.o
        68         10          0          0          0       1636   usb_mem.o
       594        126          0        146          0      10502   usb_prop.o
        44          8          0          4          0       1877   usb_pwr.o
       558        106          0          0          0       8618   usb_regs.o
       872        130          0          0          0       8983   usb_scsi.o
       108          8          0          0          0       1906   usb_sil.o
        48          6          0          0          0        479   usbapp.o

    ----------------------------------------------------------------------
     34000       2980       2974        964       7920     541032   Object Totals
         0          0         32          0          0          0   (incl. Generated)
        60          0          6         24          6          0   (incl. Padding)

    ----------------------------------------------------------------------

      Code (inc. data)   RO Data    RW Data    ZI Data      Debug   Library Member Name

        16          6          0          0          0         68   dunder.o
       126          0          0          0          0         84   ldexp.o
        92          0          0          0          0          0   __dczerorl2.o
        28          0          0          0          0         68   _chval.o
       158          0          0          0          0         92   _strtoul.o
         8          4        133          0          0         68   ctype_o.o
         0          0          0          0          0          0   entry.o
         8          4          0          0          0          0   entry2.o
         4          0          0          0          0          0   entry5.o
         0          0          0          0          0          0   entry7b.o
         8          4          0          0          0          0   entry8.o
        20         10          0          4          0        136   errno.o
        30          0          0          0          0          0   handlers.o
        36          8          0          0          0         68   init.o
         0          0          0          0          0          0   iusefp.o
        30          0          0          0          0         68   llshl.o
        36          0          0          0          0         68   llsshr.o
        32          0          0          0          0         68   llushr.o
        36          0          0          0          0         68   memcpya.o
        38          0          0          0          0        108   memseta.o
       904         10          0          0          0        420   printf6.o
        16          0          0          0          0         68   strlen.o
        24          0          0          0          0         76   strncpy.o
        32          0          0          0          0         68   strrchr.o
        44          0          0          0          0         80   strstr.o
       112          0          0          0          0         88   strtol.o
        44          0          0          0          0         80   uidiv.o
        98          0          0          0          0         92   uldiv.o
        40          2          0          0          0         68   cdcmple.o
        20          0          0          0          0         68   cfcmple.o
        20          0          0          0          0         68   cfrcmple.o
       332          0          0          0          0        148   dadd.o
       222          0          0          0          0        100   ddiv.o
       190          0          0          0          0        176   depilogue.o
        46          0          0          0          0         68   dfixui.o
        26          0          0          0          0         76   dfltui.o
       224          0          0          0          0         96   dmul.o
        46          0          0          0          0         80   dscalb.o
        44          0          0          0          0         68   f2d.o
       176          0          0          0          0        140   fadd.o
       108          0          0          0          0        168   fepilogue.o
        10          0          0          0          0         68   ffltui.o

    ----------------------------------------------------------------------
      3492         48        134          4          0       3328   Library Totals
         8          0          1          0          0          0   (incl. Padding)

    ----------------------------------------------------------------------

      Code (inc. data)   RO Data    RW Data    ZI Data      Debug   Library Name

       142          6          0          0          0        152   m_ws.l
      1838         40        133          4          0       1784   mc_w.l
      1504          2          0          0          0       1392   mf_w.l

    ----------------------------------------------------------------------
      3492         48        134          4          0       3328   Library Totals

    ----------------------------------------------------------------------

==============================================================================


      Code (inc. data)   RO Data    RW Data    ZI Data      Debug   

     37492       3028       3108        968       7920     524080   Grand Totals
     37492       3028       3108        312       7920     524080   ELF Image Totals (compressed)
     37492       3028       3108        312          0          0   ROM Totals

==============================================================================

    Total RO  Size (Code + RO Data)                40600 (  39.65kB)
    Total RW  Size (RW Data + ZI Data)              8888 (   8.68kB)
    Total ROM Size (Code + RO Data + RW Data)      40912 (  39.95kB)

==============================================================================

