<html>
<body>
<pre>
<h1>µVision Build Log</h1>
<h2>Project:</h2>
I:\project\GitHub\8_AirMini_171016\Project\1_PM25Sensor_0221.uvproj
Project File Date:  11/13/2017

<h2>Output:</h2>
Build target 'Target 1'
compiling main.c...
compiling stm32f10x_it.c...
compiling Application.c...
compiling SDRR.c...
compiling F10X_Flash_If.c...
compiling board_V1_2_5.c...
compiling delay.c...
compiling LCD1602_Drv.c...
compiling my_debug.c...
compiling os_global.c...
compiling os_timer.c...
compiling PM25Sensor.c...
compiling Key_Drv.c...
compiling uart_queue.c...
compiling Uart_Drv.c...
compiling rom_flash_interface.c...
compiling spi_flash_interface.c...
compiling DHT11.c...
compiling stm32f1_temp_sensor.c...
..\Driver\src\stm32f1_temp_sensor.c(141): warning:  #550-D: variable "aver_temp" was set but never used
compiling IIC_Drv.c...
compiling SHT20.c...
compiling TVOCSensor.c...
compiling ADC_Drv.c...
compiling BatteryLevel.c...
compiling ExtiDrv.c...
compiling RTCDrv.c...
compiling PowerCtrl.c...
compiling bsp.c...
compiling sfud_port.c...
compiling sfud_demo.c...
compiling UsbApp.c...
compiling hw_config.c...
compiling mass_mal.c...
compiling memory.c...
compiling usb_prop.c...
compiling usb_scsi.c...
compiling diskio.c...
compiling fatfs_demo.c...
linking...
Program Size: Code=37220 RO-data=3108 RW-data=968 ZI-data=7920  
FromELF: creating hex file...
".\Obj\1_PM25Sensor_0221.axf" - 0 Error(s), 1 Warning(s).
Build target 'Target 1'
compiling BatteryLevel.c...
compiling ExtiDrv.c...
compiling PowerCtrl.c...
linking...
Program Size: Code=37492 RO-data=3108 RW-data=968 ZI-data=7920  
FromELF: creating hex file...
".\Obj\1_PM25Sensor_0221.axf" - 0 Error(s), 0 Warning(s).
